../Core/Src/main.c:158:20:motor_force_off_immediate	1
../Core/Src/main.c:176:5:main	25
../Core/Src/main.c:638:13:MX_I2C1_Init	4
../Core/Src/main.c:686:13:MX_I2C2_Init	4
../Core/Src/main.c:734:13:MX_TIM2_Init	5
../Core/Src/main.c:787:13:MX_TIM3_Init	4
../Core/Src/main.c:832:13:MX_TIM4_Init	5
../Core/Src/main.c:885:13:MX_TIM6_Init	3
../Core/Src/main.c:923:13:MX_TIM7_Init	3
../Core/Src/main.c:961:13:MX_USART3_UART_Init	5
../Core/Src/main.c:1007:13:MX_DMA_Init	1
../Core/Src/main.c:1025:13:MX_GPIO_Init	1
../Core/Src/main.c:1102:6:HAL_TIM_PeriodElapsedCallback	5
../Core/Src/main.c:1125:6:HAL_GPIO_EXTI_Callback	3
../Core/Src/main.c:1144:6:HAL_UART_RxCpltCallback	21
../Core/Src/main.c:1286:6:HAL_UART_TxCpltCallback	2
../Core/Src/main.c:1294:6:HAL_UART_ErrorCallback	2
../Core/Src/main.c:1319:6:HAL_UART_AbortCpltCallback	2
../Core/Src/main.c:1336:6:Error_Handler	1
