This is pdfTeX, Version 3.141592653-2.6-1.40.26 (TeX Live 2024) (preloaded format=pdflatex 2024.12.3)  16 JUN 2026 18:22
entering extended mode
 restricted \write18 enabled.
 file:line:error style messages enabled.
 %&-line parsing enabled.
**main.tex
(./main.tex
LaTeX2e <2023-11-01> patch level 1
L3 programming layer <2024-02-20>
(/usr/local/texlive/2024/texmf-dist/tex/latex/base/report.cls
Document Class: report 2023/05/17 v1.4n Standard LaTeX document class
(/usr/local/texlive/2024/texmf-dist/tex/latex/base/size11.clo
File: size11.clo 2023/05/17 v1.4n Standard LaTeX file (size option)
)
\c@part=\count188
\c@chapter=\count189
\c@section=\count190
\c@subsection=\count191
\c@subsubsection=\count192
\c@paragraph=\count193
\c@subparagraph=\count194
\c@figure=\count195
\c@table=\count196
\abovecaptionskip=\skip48
\belowcaptionskip=\skip49
\bibindent=\dimen140
) (/usr/local/texlive/2024/texmf-dist/tex/latex/titlesec/titlesec.sty
Package: titlesec 2023/10/27 v2.16 Sectioning titles
\ttl@box=\box51
\beforetitleunit=\skip50
\aftertitleunit=\skip51
\ttl@plus=\dimen141
\ttl@minus=\dimen142
\ttl@toksa=\toks17
\titlewidth=\dimen143
\titlewidthlast=\dimen144
\titlewidthfirst=\dimen145
) (/usr/local/texlive/2024/texmf-dist/tex/latex/geometry/geometry.sty
Package: geometry 2020/01/02 v5.9 Page Geometry
 (/usr/local/texlive/2024/texmf-dist/tex/latex/graphics/keyval.sty
Package: keyval 2022/05/29 v1.15 key=value parser (DPC)
\KV@toks@=\toks18
) (/usr/local/texlive/2024/texmf-dist/tex/generic/iftex/ifvtex.sty
Package: ifvtex 2019/10/25 v1.7 ifvtex legacy package. Use iftex instead.
 (/usr/local/texlive/2024/texmf-dist/tex/generic/iftex/iftex.sty
Package: iftex 2022/02/03 v1.0f TeX engine tests
))
\Gm@cnth=\count197
\Gm@cntv=\count198
\c@Gm@tempcnt=\count199
\Gm@bindingoffset=\dimen146
\Gm@wd@mp=\dimen147
\Gm@odd@mp=\dimen148
\Gm@even@mp=\dimen149
\Gm@layoutwidth=\dimen150
\Gm@layoutheight=\dimen151
\Gm@layouthoffset=\dimen152
\Gm@layoutvoffset=\dimen153
\Gm@dimlist=\toks19
) (/usr/local/texlive/2024/texmf-dist/tex/latex/appendix/appendix.sty
Package: appendix 2020/02/08 v1.2c extra appendix facilities
\c@@pps=\count266
\c@@ppsavesec=\count267
\c@@ppsaveapp=\count268
) (/usr/local/texlive/2024/texmf-dist/tex/latex/graphics/graphicx.sty
Package: graphicx 2021/09/16 v1.2d Enhanced LaTeX Graphics (DPC,SPQR)
 (/usr/local/texlive/2024/texmf-dist/tex/latex/graphics/graphics.sty
Package: graphics 2022/03/10 v1.4e Standard LaTeX Graphics (DPC,SPQR)
 (/usr/local/texlive/2024/texmf-dist/tex/latex/graphics/trig.sty
Package: trig 2021/08/11 v1.11 sin cos tan (DPC)
) (/usr/local/texlive/2024/texmf-dist/tex/latex/graphics-cfg/graphics.cfg
File: graphics.cfg 2016/06/04 v1.11 sample graphics configuration
)
Package graphics Info: Driver file: pdftex.def on input line 107.
 (/usr/local/texlive/2024/texmf-dist/tex/latex/graphics-def/pdftex.def
File: pdftex.def 2022/09/22 v1.2b Graphics/color driver for pdftex
))
\Gin@req@height=\dimen154
\Gin@req@width=\dimen155
) (/usr/local/texlive/2024/texmf-dist/tex/latex/lipsum/lipsum.sty (/usr/local/texlive/2024/texmf-dist/tex/latex/l3packages/l3keys2e/l3keys2e.sty (/usr/local/texlive/2024/texmf-dist/tex/latex/l3kernel/expl3.sty
Package: expl3 2024-02-20 L3 programming layer (loader) 
 (/usr/local/texlive/2024/texmf-dist/tex/latex/l3backend/l3backend-pdftex.def
File: l3backend-pdftex.def 2024-02-20 L3 backend support: PDF output (pdfTeX)
\l__color_backend_stack_int=\count269
\l__pdf_internal_box=\box52
))
Package: l3keys2e 2024-02-18 LaTeX2e option processing using LaTeX3 keys
)
Package: lipsum 2021-09-20 v2.7 150 paragraphs of Lorem Ipsum dummy text
\g__lipsum_par_int=\count270
\l__lipsum_a_int=\count271
\l__lipsum_b_int=\count272
 (/usr/local/texlive/2024/texmf-dist/tex/latex/lipsum/lipsum.ltd.tex)) (/usr/local/texlive/2024/texmf-dist/tex/latex/caption/caption.sty
Package: caption 2023/08/05 v3.6o Customizing captions (AR)
 (/usr/local/texlive/2024/texmf-dist/tex/latex/caption/caption3.sty
Package: caption3 2023/07/31 v2.4d caption3 kernel (AR)
\caption@tempdima=\dimen156
\captionmargin=\dimen157
\caption@leftmargin=\dimen158
\caption@rightmargin=\dimen159
\caption@width=\dimen160
\caption@indent=\dimen161
\caption@parindent=\dimen162
\caption@hangindent=\dimen163
Package caption Info: Standard document class detected.
)
\c@caption@flags=\count273
\c@continuedfloat=\count274
) (/usr/local/texlive/2024/texmf-dist/tex/latex/base/inputenc.sty
Package: inputenc 2021/02/14 v1.3d Input encoding file
\inpenc@prehook=\toks20
\inpenc@posthook=\toks21
) (/usr/local/texlive/2024/texmf-dist/tex/generic/babel/babel.sty
Package: babel 2024/02/07 v24.2 The Babel package
\babel@savecnt=\count275
\U@D=\dimen164
\l@unhyphenated=\language89
 (/usr/local/texlive/2024/texmf-dist/tex/generic/babel/txtbabel.def)
\bbl@readstream=\read2
\bbl@dirlevel=\count276
 (/usr/local/texlive/2024/texmf-dist/tex/generic/babel-italian/italian.ldf
Language: italian 2024/01/03 v.1.5.00 Italian support for the babel system
\it@lettering=\count277
\it@doublequoteactive=\count278
\it@ISOcompliance=\count279
)) (/usr/local/texlive/2024/texmf-dist/tex/generic/babel/locale/it/babel-italian.tex
Package babel Info: Importing font and identification data for italian
(babel)             from babel-it.ini. Reported on input line 11.
) (/usr/local/texlive/2024/texmf-dist/tex/latex/etoolbox/etoolbox.sty
Package: etoolbox 2020/10/05 v2.5k e-TeX tools for LaTeX (JAW)
\etb@tempcnta=\count280
) (/usr/local/texlive/2024/texmf-dist/tex/latex/tools/indentfirst.sty
Package: indentfirst 2023/07/02 v1.03 Indent first paragraph (DPC)
) (/usr/local/texlive/2024/texmf-dist/tex/latex/tools/verbatim.sty
Package: verbatim 2023-11-06 v1.5v LaTeX2e package for verbatim enhancements
\every@verbatim=\toks22
\verbatim@line=\toks23
\verbatim@in@stream=\read3
) (/usr/local/texlive/2024/texmf-dist/tex/generic/colorprofiles/colorprofiles.sty
Package: colorprofiles 2018/11/01 v1.0.1 color profiles for PDF/X and PDF/A support
 (/usr/local/texlive/2024/texmf-dist/tex/generic/colorprofiles/colorprofiles.tex))
(/usr/local/texlive/2024/texmf-dist/tex/latex/listings/listings.sty
\lst@mode=\count281
\lst@gtempboxa=\box53
\lst@token=\toks24
\lst@length=\count282
\lst@currlwidth=\dimen165
\lst@column=\count283
\lst@pos=\count284
\lst@lostspace=\dimen166
\lst@width=\dimen167
\lst@newlines=\count285
\lst@lineno=\count286
\lst@maxwidth=\dimen168
 (/usr/local/texlive/2024/texmf-dist/tex/latex/listings/lstpatch.sty
File: lstpatch.sty 2024/02/21 1.10 (Carsten Heinz)
) (/usr/local/texlive/2024/texmf-dist/tex/latex/listings/lstmisc.sty
File: lstmisc.sty 2024/02/21 1.10 (Carsten Heinz)
\c@lstnumber=\count287
\lst@skipnumbers=\count288
\lst@framebox=\box54
) (/usr/local/texlive/2024/texmf-dist/tex/latex/listings/listings.cfg
File: listings.cfg 2024/02/21 1.10 listings configuration
))
Package: listings 2024/02/21 1.10 (Carsten Heinz)
 (/usr/local/texlive/2024/texmf-dist/tex/latex/float/float.sty
Package: float 2001/11/08 v1.3d Float enhancements (AL)
\c@float@type=\count289
\float@exts=\toks25
\float@box=\box55
\@float@everytoks=\toks26
\@floatcapt=\box56
) (/usr/local/texlive/2024/texmf-dist/tex/latex/caption/subcaption.sty
Package: subcaption 2023/07/28 v1.6b Sub-captions (AR)
Package caption Info: New subtype `subfigure' on input line 238.
\c@subfigure=\count290
Package caption Info: New subtype `subtable' on input line 238.
\c@subtable=\count291
) (/usr/local/texlive/2024/texmf-dist/tex/latex/amsmath/amsmath.sty
Package: amsmath 2023/05/13 v2.17o AMS math features
\@mathmargin=\skip52

For additional information on amsmath, use the `?' option.
(/usr/local/texlive/2024/texmf-dist/tex/latex/amsmath/amstext.sty
Package: amstext 2021/08/26 v2.01 AMS text
 (/usr/local/texlive/2024/texmf-dist/tex/latex/amsmath/amsgen.sty
File: amsgen.sty 1999/11/30 v2.0 generic functions
\@emptytoks=\toks27
\ex@=\dimen169
)) (/usr/local/texlive/2024/texmf-dist/tex/latex/amsmath/amsbsy.sty
Package: amsbsy 1999/11/29 v1.2d Bold Symbols
\pmbraise@=\dimen170
) (/usr/local/texlive/2024/texmf-dist/tex/latex/amsmath/amsopn.sty
Package: amsopn 2022/04/08 v2.04 operator names
)
\inf@bad=\count292
LaTeX Info: Redefining \frac on input line 234.
\uproot@=\count293
\leftroot@=\count294
LaTeX Info: Redefining \overline on input line 399.
LaTeX Info: Redefining \colon on input line 410.
\classnum@=\count295
\DOTSCASE@=\count296
LaTeX Info: Redefining \ldots on input line 496.
LaTeX Info: Redefining \dots on input line 499.
LaTeX Info: Redefining \cdots on input line 620.
\Mathstrutbox@=\box57
\strutbox@=\box58
LaTeX Info: Redefining \big on input line 722.
LaTeX Info: Redefining \Big on input line 723.
LaTeX Info: Redefining \bigg on input line 724.
LaTeX Info: Redefining \Bigg on input line 725.
\big@size=\dimen171
LaTeX Font Info:    Redeclaring font encoding OML on input line 743.
LaTeX Font Info:    Redeclaring font encoding OMS on input line 744.
\macc@depth=\count297
LaTeX Info: Redefining \bmod on input line 905.
LaTeX Info: Redefining \pmod on input line 910.
LaTeX Info: Redefining \smash on input line 940.
LaTeX Info: Redefining \relbar on input line 970.
LaTeX Info: Redefining \Relbar on input line 971.
\c@MaxMatrixCols=\count298
\dotsspace@=\muskip16
\c@parentequation=\count299
\dspbrk@lvl=\count300
\tag@help=\toks28
\row@=\count301
\column@=\count302
\maxfields@=\count303
\andhelp@=\toks29
\eqnshift@=\dimen172
\alignsep@=\dimen173
\tagshift@=\dimen174
\tagwidth@=\dimen175
\totwidth@=\dimen176
\lineht@=\dimen177
\@envbody=\toks30
\multlinegap=\skip53
\multlinetaggap=\skip54
\mathdisplay@stack=\toks31
LaTeX Info: Redefining \[ on input line 2953.
LaTeX Info: Redefining \] on input line 2954.
) (/usr/local/texlive/2024/texmf-dist/tex/latex/amsfonts/amsfonts.sty
Package: amsfonts 2013/01/14 v3.01 Basic AMSFonts support
\symAMSa=\mathgroup4
\symAMSb=\mathgroup5
LaTeX Font Info:    Redeclaring math symbol \hbar on input line 98.
LaTeX Font Info:    Overwriting math alphabet `\mathfrak' in version `bold'
(Font)                  U/euf/m/n --> U/euf/b/n on input line 106.
) (/usr/local/texlive/2024/texmf-dist/tex/latex/booktabs/booktabs.sty
Package: booktabs 2020/01/12 v1.61803398 Publication quality tables
\heavyrulewidth=\dimen178
\lightrulewidth=\dimen179
\cmidrulewidth=\dimen180
\belowrulesep=\dimen181
\belowbottomsep=\dimen182
\aboverulesep=\dimen183
\abovetopsep=\dimen184
\cmidrulesep=\dimen185
\cmidrulekern=\dimen186
\defaultaddspace=\dimen187
\@cmidla=\count304
\@cmidlb=\count305
\@aboverulesep=\dimen188
\@belowrulesep=\dimen189
\@thisruleclass=\count306
\@lastruleclass=\count307
\@thisrulewidth=\dimen190
) (/usr/local/texlive/2024/texmf-dist/tex/latex/makecell/makecell.sty
Package: makecell 2009/08/03 V0.1e Managing of Tab Column Heads and Cells
 (/usr/local/texlive/2024/texmf-dist/tex/latex/tools/array.sty
Package: array 2023/10/16 v2.5g Tabular extension package (FMi)
\col@sep=\dimen191
\ar@mcellbox=\box59
\extrarowheight=\dimen192
\NC@list=\toks32
\extratabsurround=\skip55
\backup@length=\skip56
\ar@cellbox=\box60
)
\rotheadsize=\dimen193
\c@nlinenum=\count308
\TeXr@lab=\toks33
) (/usr/local/texlive/2024/texmf-dist/tex/latex/xcolor/xcolor.sty
Package: xcolor 2023/11/15 v3.01 LaTeX color extensions (UK)
 (/usr/local/texlive/2024/texmf-dist/tex/latex/graphics-cfg/color.cfg
File: color.cfg 2016/01/02 v1.6 sample color configuration
)
Package xcolor Info: Driver file: pdftex.def on input line 274.
 (/usr/local/texlive/2024/texmf-dist/tex/latex/graphics/mathcolor.ltx)
Package xcolor Info: Model `cmy' substituted by `cmy0' on input line 1350.
Package xcolor Info: Model `hsb' substituted by `rgb' on input line 1354.
Package xcolor Info: Model `RGB' extended on input line 1366.
Package xcolor Info: Model `HTML' substituted by `rgb' on input line 1368.
Package xcolor Info: Model `Hsb' substituted by `hsb' on input line 1369.
Package xcolor Info: Model `tHsb' substituted by `hsb' on input line 1370.
Package xcolor Info: Model `HSB' substituted by `hsb' on input line 1371.
Package xcolor Info: Model `Gray' substituted by `gray' on input line 1372.
Package xcolor Info: Model `wave' substituted by `hsb' on input line 1373.
) (/usr/local/texlive/2024/texmf-dist/tex/latex/base/textcomp.sty
Package: textcomp 2020/02/02 v2.0n Standard LaTeX package
) (/usr/local/texlive/2024/texmf-dist/tex/latex/gensymb/gensymb.sty
Package: gensymb 2022/10/17 v1.0.2 (KJH)
) (/usr/local/texlive/2024/texmf-dist/tex/latex/hyperref/hyperref.sty
Package: hyperref 2024-01-20 v7.01h Hypertext links for LaTeX
 (/usr/local/texlive/2024/texmf-dist/tex/latex/kvsetkeys/kvsetkeys.sty
Package: kvsetkeys 2022-10-05 v1.19 Key value parser (HO)
) (/usr/local/texlive/2024/texmf-dist/tex/generic/kvdefinekeys/kvdefinekeys.sty
Package: kvdefinekeys 2019-12-19 v1.6 Define keys (HO)
) (/usr/local/texlive/2024/texmf-dist/tex/generic/pdfescape/pdfescape.sty
Package: pdfescape 2019/12/09 v1.15 Implements pdfTeX's escape features (HO)
 (/usr/local/texlive/2024/texmf-dist/tex/generic/ltxcmds/ltxcmds.sty
Package: ltxcmds 2023-12-04 v1.26 LaTeX kernel commands for general use (HO)
) (/usr/local/texlive/2024/texmf-dist/tex/generic/pdftexcmds/pdftexcmds.sty
Package: pdftexcmds 2020-06-27 v0.33 Utility functions of pdfTeX for LuaTeX (HO)
 (/usr/local/texlive/2024/texmf-dist/tex/generic/infwarerr/infwarerr.sty
Package: infwarerr 2019/12/03 v1.5 Providing info/warning/error messages (HO)
)
Package pdftexcmds Info: \pdf@primitive is available.
Package pdftexcmds Info: \pdf@ifprimitive is available.
Package pdftexcmds Info: \pdfdraftmode found.
)) (/usr/local/texlive/2024/texmf-dist/tex/latex/hycolor/hycolor.sty
Package: hycolor 2020-01-27 v1.10 Color options for hyperref/bookmark (HO)
) (/usr/local/texlive/2024/texmf-dist/tex/latex/auxhook/auxhook.sty
Package: auxhook 2019-12-17 v1.6 Hooks for auxiliary files (HO)
) (/usr/local/texlive/2024/texmf-dist/tex/latex/hyperref/nameref.sty
Package: nameref 2023-11-26 v2.56 Cross-referencing by name of section
 (/usr/local/texlive/2024/texmf-dist/tex/latex/refcount/refcount.sty
Package: refcount 2019/12/15 v3.6 Data extraction from label references (HO)
) (/usr/local/texlive/2024/texmf-dist/tex/generic/gettitlestring/gettitlestring.sty
Package: gettitlestring 2019/12/15 v1.6 Cleanup title references (HO)
 (/usr/local/texlive/2024/texmf-dist/tex/latex/kvoptions/kvoptions.sty
Package: kvoptions 2022-06-15 v3.15 Key value format for package options (HO)
))
\c@section@level=\count309
)
\@linkdim=\dimen194
\Hy@linkcounter=\count310
\Hy@pagecounter=\count311
 (/usr/local/texlive/2024/texmf-dist/tex/latex/hyperref/pd1enc.def
File: pd1enc.def 2024-01-20 v7.01h Hyperref: PDFDocEncoding definition (HO)
Now handling font encoding PD1 ...
... no UTF-8 mapping file for font encoding PD1
) (/usr/local/texlive/2024/texmf-dist/tex/generic/intcalc/intcalc.sty
Package: intcalc 2019/12/15 v1.3 Expandable calculations with integers (HO)
)
\Hy@SavedSpaceFactor=\count312
 (/usr/local/texlive/2024/texmf-dist/tex/latex/hyperref/puenc.def
File: puenc.def 2024-01-20 v7.01h Hyperref: PDF Unicode definition (HO)
Now handling font encoding PU ...
... no UTF-8 mapping file for font encoding PU
)
Package hyperref Info: Hyper figures OFF on input line 4179.
Package hyperref Info: Link nesting OFF on input line 4184.
Package hyperref Info: Hyper index ON on input line 4187.
Package hyperref Info: Plain pages OFF on input line 4194.
Package hyperref Info: Backreferencing OFF on input line 4199.
Package hyperref Info: Implicit mode ON; LaTeX internals redefined.
Package hyperref Info: Bookmarks ON on input line 4446.
\c@Hy@tempcnt=\count313

(/usr/local/texlive/2024/texmf-dist/tex/latex/url/url.sty
\Urlmuskip=\muskip17
Package: url 2013/09/16  ver 3.4  Verb mode for urls, etc.
)
LaTeX Info: Redefining \url on input line 4784.
\XeTeXLinkMargin=\dimen195
 (/usr/local/texlive/2024/texmf-dist/tex/generic/bitset/bitset.sty
Package: bitset 2019/12/09 v1.3 Handle bit-vector datatype (HO)
 (/usr/local/texlive/2024/texmf-dist/tex/generic/bigintcalc/bigintcalc.sty
Package: bigintcalc 2019/12/15 v1.5 Expandable calculations on big integers (HO)
))
\Fld@menulength=\count314
\Field@Width=\dimen196
\Fld@charsize=\dimen197
Package hyperref Info: Hyper figures OFF on input line 6063.
Package hyperref Info: Link nesting OFF on input line 6068.
Package hyperref Info: Hyper index ON on input line 6071.
Package hyperref Info: backreferencing OFF on input line 6078.
Package hyperref Info: Link coloring OFF on input line 6083.
Package hyperref Info: Link coloring with OCG OFF on input line 6088.
Package hyperref Info: PDF/A mode OFF on input line 6093.
 (/usr/local/texlive/2024/texmf-dist/tex/latex/base/atbegshi-ltx.sty
Package: atbegshi-ltx 2021/01/10 v1.0c Emulation of the original atbegshi
package with kernel methods
)
\Hy@abspage=\count315
\c@Item=\count316
\c@Hfootnote=\count317
)
Package hyperref Info: Driver (autodetected): hpdftex.
 (/usr/local/texlive/2024/texmf-dist/tex/latex/hyperref/hpdftex.def
File: hpdftex.def 2024-01-20 v7.01h Hyperref driver for pdfTeX
 (/usr/local/texlive/2024/texmf-dist/tex/latex/base/atveryend-ltx.sty
Package: atveryend-ltx 2020/08/19 v1.0a Emulation of the original atveryend package
with kernel methods
)
\Fld@listcount=\count318
\c@bookmark@seq@number=\count319
 (/usr/local/texlive/2024/texmf-dist/tex/latex/rerunfilecheck/rerunfilecheck.sty
Package: rerunfilecheck 2022-07-10 v1.10 Rerun checks for auxiliary files (HO)
 (/usr/local/texlive/2024/texmf-dist/tex/generic/uniquecounter/uniquecounter.sty
Package: uniquecounter 2019/12/15 v1.4 Provide unlimited unique counter (HO)
)
Package uniquecounter Info: New unique counter `rerunfilecheck' on input line 285.
)
\Hy@SectionHShift=\skip57
) (/usr/local/texlive/2024/texmf-dist/tex/latex/listings/lstlang1.sty
File: lstlang1.sty 2024/02/21 1.10 listings language file
) (/usr/local/texlive/2024/texmf-dist/tex/latex/listings/lstmisc.sty
File: lstmisc.sty 2024/02/21 1.10 (Carsten Heinz)
) (/Users/albertonalli/Downloads/Ducted_Fan/Relazione/.texpadtmp/main.aux

LaTeX Warning: Label `fig:tim3_config' multiply defined.


LaTeX Warning: Label `fig:tim3_config' multiply defined.

)
\openout1 = `main.aux'.

LaTeX Font Info:    Checking defaults for OML/cmm/m/it on input line 84.
LaTeX Font Info:    ... okay on input line 84.
LaTeX Font Info:    Checking defaults for OMS/cmsy/m/n on input line 84.
LaTeX Font Info:    ... okay on input line 84.
LaTeX Font Info:    Checking defaults for OT1/cmr/m/n on input line 84.
LaTeX Font Info:    ... okay on input line 84.
LaTeX Font Info:    Checking defaults for T1/cmr/m/n on input line 84.
LaTeX Font Info:    ... okay on input line 84.
LaTeX Font Info:    Checking defaults for TS1/cmr/m/n on input line 84.
LaTeX Font Info:    ... okay on input line 84.
LaTeX Font Info:    Checking defaults for OMX/cmex/m/n on input line 84.
LaTeX Font Info:    ... okay on input line 84.
LaTeX Font Info:    Checking defaults for U/cmr/m/n on input line 84.
LaTeX Font Info:    ... okay on input line 84.
LaTeX Font Info:    Checking defaults for PD1/pdf/m/n on input line 84.
LaTeX Font Info:    ... okay on input line 84.
LaTeX Font Info:    Checking defaults for PU/pdf/m/n on input line 84.
LaTeX Font Info:    ... okay on input line 84.

*geometry* driver: auto-detecting
*geometry* detected driver: pdftex
*geometry* verbose mode - [ preamble ] result:
* driver: pdftex
* paper: <default>
* layout: <same size as paper>
* layoutoffset:(h,v)=(0.0pt,0.0pt)
* modes: 
* h-part:(L,W,R)=(86.72377pt, 440.84746pt, 86.72377pt)
* v-part:(T,H,B)=(86.72377pt, 621.52245pt, 86.72377pt)
* \paperwidth=614.295pt
* \paperheight=794.96999pt
* \textwidth=440.84746pt
* \textheight=621.52245pt
* \oddsidemargin=14.45378pt
* \evensidemargin=14.45378pt
* \topmargin=-22.54622pt
* \headheight=12.0pt
* \headsep=25.0pt
* \topskip=11.0pt
* \footskip=30.0pt
* \marginparwidth=59.0pt
* \marginparsep=10.0pt
* \columnsep=10.0pt
* \skip\footins=10.0pt plus 4.0pt minus 2.0pt
* \hoffset=0.0pt
* \voffset=0.0pt
* \mag=1000
* \@twocolumnfalse
* \@twosidefalse
* \@mparswitchfalse
* \@reversemarginfalse
* (1in=72.27pt=25.4mm, 1cm=28.453pt)

(/usr/local/texlive/2024/texmf-dist/tex/context/base/mkii/supp-pdf.mkii
[Loading MPS to PDF converter (version 2006.09.02).]
\scratchcounter=\count320
\scratchdimen=\dimen198
\scratchbox=\box61
\nofMPsegments=\count321
\nofMParguments=\count322
\everyMPshowfont=\toks34
\MPscratchCnt=\count323
\MPscratchDim=\dimen199
\MPnumerator=\count324
\makeMPintoPDFobject=\count325
\everyMPtoPDFconversion=\toks35
) (/usr/local/texlive/2024/texmf-dist/tex/latex/epstopdf-pkg/epstopdf-base.sty
Package: epstopdf-base 2020-01-24 v2.11 Base part for package epstopdf
Package epstopdf-base Info: Redefining graphics rule for `.eps' on input line 485.
 (/usr/local/texlive/2024/texmf-dist/tex/latex/latexconfig/epstopdf-sys.cfg
File: epstopdf-sys.cfg 2010/07/13 v1.3 Configuration of (r)epstopdf for TeX Live
))
Package caption Info: Begin \AtBeginDocument code.
Package caption Info: float package is loaded.
Package caption Info: hyperref package is loaded.
Package caption Info: listings package is loaded.
Package caption Info: End \AtBeginDocument code.
LaTeX Info: Redefining \it@ocap on input line 84.
LaTeX Info: Redefining \it@ccap on input line 84.


File italian.ldf warning: 
italian.ldf    With OT1 encoding guillemets are poorly faked
italian.ldf    Use T1 encoding
italian.ldf    or specify a font with command \CaporaliFrom
italian.ldf    See the documentation concerning the babel-italian typesetting
italian.ldf    on input line 84.

\c@lstlisting=\count326
\symgns@font=\mathgroup6
LaTeX Font Info:    Overwriting symbol font `gns@font' in version `bold'
(Font)                  TS1/cmr/m/n --> TS1/cmr/b/n on input line 84.
Package gensymb Info: Math companion symbols declared on input line 84.
LaTeX Info: Redefining \degree on input line 84.
LaTeX Info: Redefining \celsius on input line 84.
Package gensymb Info: Using text companion symbols for \degree, \celsius and \perthousand on input line 84.
LaTeX Info: Redefining \ohm on input line 84.
Package gensymb Info: Using \textohm for \ohm on input line 84.
Package gensymb Info: Using \textmu for \micro on input line 84.
Package hyperref Info: Link coloring OFF on input line 84.
(/Users/albertonalli/Downloads/Ducted_Fan/Relazione/.texpadtmp/main.out) (/Users/albertonalli/Downloads/Ducted_Fan/Relazione/.texpadtmp/main.out)
\@outlinefile=\write3
\openout3 = `main.out'.

<images/logoUnivpm.jpg, id=470, 111.2958pt x 115.632pt>
File: images/logoUnivpm.jpg Graphic file (type jpg)
<use images/logoUnivpm.jpg>
Package pdftex.def Info: images/logoUnivpm.jpg  used on input line 99.
(pdftex.def)             Requested size: 113.81102pt x 118.25185pt.
LaTeX Font Info:    Trying to load font information for U+msa on input line 102.
 (/usr/local/texlive/2024/texmf-dist/tex/latex/amsfonts/umsa.fd
File: umsa.fd 2013/01/14 v3.01 AMS symbols A
)
LaTeX Font Info:    Trying to load font information for U+msb on input line 102.
 (/usr/local/texlive/2024/texmf-dist/tex/latex/amsfonts/umsb.fd
File: umsb.fd 2013/01/14 v3.01 AMS symbols B
)
<images/dii_new.png, id=471, 192.72pt x 79.29625pt>
File: images/dii_new.png Graphic file (type png)
<use images/dii_new.png>
Package pdftex.def Info: images/dii_new.png  used on input line 121.
(pdftex.def)             Requested size: 56.9055pt x 23.41396pt.
 [1

{/usr/local/texlive/2024/texmf-var/fonts/map/pdftex/updmap/pdftex.map} <./images/logoUnivpm.jpg> <./images/dii_new.png>] (/Users/albertonalli/Downloads/Ducted_Fan/Relazione/.texpadtmp/main.toc
pdfTeX warning (ext4): destination with the same identifier (name{page.1}) has been already used, duplicate ignored
<to be read again> 
                   \relax 
l.74 ...e dei collegamenti}{32}{subsection.2.12.1}
                                                  % [1

] [2])
\tf@toc=\write4
\openout4 = `main.toc'.

 [3] [4{/usr/local/texlive/2024/texmf-dist/fonts/enc/dvips/cm-super/cm-super-ts1.enc}] [5]
Capitolo 1.
<figures/01_sistema/struttura_ducted_fan_1.jpg, id=628, 1505.625pt x 2007.5pt>
File: figures/01_sistema/struttura_ducted_fan_1.jpg Graphic file (type jpg)
<use figures/01_sistema/struttura_ducted_fan_1.jpg>
Package pdftex.def Info: figures/01_sistema/struttura_ducted_fan_1.jpg  used on input line 170.
(pdftex.def)             Requested size: 106.69106pt x 142.26378pt.
<figures/01_sistema/struttura_ducted_fan_2.jpg, id=629, 1505.625pt x 2007.5pt>
File: figures/01_sistema/struttura_ducted_fan_2.jpg Graphic file (type jpg)
<use figures/01_sistema/struttura_ducted_fan_2.jpg>
Package pdftex.def Info: figures/01_sistema/struttura_ducted_fan_2.jpg  used on input line 176.
(pdftex.def)             Requested size: 106.69106pt x 142.26378pt.
[6

 <./figures/01_sistema/struttura_ducted_fan_1.jpg (PNG copy)> <./figures/01_sistema/struttura_ducted_fan_2.jpg (PNG copy)>]
<figures/01_sistema/render_dpdf_1.png, id=640, 1084.05pt x 1084.05pt>
File: figures/01_sistema/render_dpdf_1.png Graphic file (type png)
<use figures/01_sistema/render_dpdf_1.png>
Package pdftex.def Info: figures/01_sistema/render_dpdf_1.png  used on input line 193.
(pdftex.def)             Requested size: 156.48022pt x 156.49014pt.
<figures/01_sistema/render_dpdf_2.png, id=641, 1084.05pt x 1084.05pt>
File: figures/01_sistema/render_dpdf_2.png Graphic file (type png)
<use figures/01_sistema/render_dpdf_2.png>
Package pdftex.def Info: figures/01_sistema/render_dpdf_2.png  used on input line 198.
(pdftex.def)             Requested size: 156.48022pt x 156.49014pt.
 [7 <./figures/01_sistema/render_dpdf_1.png (PNG copy)> <./figures/01_sistema/render_dpdf_2.png (PNG copy)>] [8]
Capitolo 2.
<figures/02_hardware/stm32h745zi_chip.png, id=654, 755.82375pt x 638.385pt>
File: figures/02_hardware/stm32h745zi_chip.png Graphic file (type png)
<use figures/02_hardware/stm32h745zi_chip.png>
Package pdftex.def Info: figures/02_hardware/stm32h745zi_chip.png  used on input line 223.
(pdftex.def)             Requested size: 242.46744pt x 204.7939pt.
[9

 <./figures/02_hardware/stm32h745zi_chip.png (PNG copy)>] [10]
Underfull \hbox (badness 10000) in paragraph at lines 248--249

 []

<figures/02_hardware/nucleo_bridge_alimentazione.png, id=668, 681.54625pt x 574.145pt>
File: figures/02_hardware/nucleo_bridge_alimentazione.png Graphic file (type png)
<use figures/02_hardware/nucleo_bridge_alimentazione.png>
Package pdftex.def Info: figures/02_hardware/nucleo_bridge_alimentazione.png  used on input line 272.
(pdftex.def)             Requested size: 220.42372pt x 185.68379pt.
[11]
<figures/02_hardware/nucleo_h745zi_q_fronte.png, id=678, 362.35374pt x 707.64375pt>
File: figures/02_hardware/nucleo_h745zi_q_fronte.png Graphic file (type png)
<use figures/02_hardware/nucleo_h745zi_q_fronte.png>
Package pdftex.def Info: figures/02_hardware/nucleo_h745zi_q_fronte.png  used on input line 284.
(pdftex.def)             Requested size: 72.84543pt x 142.26378pt.
<figures/02_hardware/nucleo_h745zi_q_retro.png, id=679, 348.30125pt x 674.52pt>
File: figures/02_hardware/nucleo_h745zi_q_retro.png Graphic file (type png)
<use figures/02_hardware/nucleo_h745zi_q_retro.png>
Package pdftex.def Info: figures/02_hardware/nucleo_h745zi_q_retro.png  used on input line 290.
(pdftex.def)             Requested size: 73.45898pt x 142.26378pt.
 [12 <./figures/02_hardware/nucleo_bridge_alimentazione.png (PNG copy)> <./figures/02_hardware/nucleo_h745zi_q_fronte.png (PNG copy)> <./figures/02_hardware/nucleo_h745zi_q_retro.png (PNG copy)>] [13]
<figures/02_hardware/tattu_lipo.jpg, id=696, 357.335pt x 237.88875pt>
File: figures/02_hardware/tattu_lipo.jpg Graphic file (type jpg)
<use figures/02_hardware/tattu_lipo.jpg>
Package pdftex.def Info: figures/02_hardware/tattu_lipo.jpg  used on input line 332.
(pdftex.def)             Requested size: 198.38pt x 132.06973pt.
 [14 <./figures/02_hardware/tattu_lipo.jpg (PNG copy)>]
<figures/02_hardware/powersafe_twin.jpg, id=704, 398.48875pt x 148.555pt>
File: figures/02_hardware/powersafe_twin.jpg Graphic file (type jpg)
<use figures/02_hardware/powersafe_twin.jpg>
Package pdftex.def Info: figures/02_hardware/powersafe_twin.jpg  used on input line 351.
(pdftex.def)             Requested size: 198.38pt x 73.95543pt.
 [15 <./figures/02_hardware/powersafe_twin.jpg (PNG copy)>]
<figures/02_hardware/dfrobot_terminali.png, id=714, 809.0225pt x 542.025pt>
File: figures/02_hardware/dfrobot_terminali.png Graphic file (type png)
<use figures/02_hardware/dfrobot_terminali.png>
Package pdftex.def Info: figures/02_hardware/dfrobot_terminali.png  used on input line 379.
(pdftex.def)             Requested size: 264.51115pt x 177.21468pt.

Underfull \hbox (badness 10000) in paragraph at lines 384--385

 []


Underfull \hbox (badness 10000) in paragraph at lines 390--391

 []

<figures/02_hardware/dfrobot_modulo.jpg, id=715, 783.92876pt x 523.9575pt>
File: figures/02_hardware/dfrobot_modulo.jpg Graphic file (type jpg)
<use figures/02_hardware/dfrobot_modulo.jpg>
Package pdftex.def Info: figures/02_hardware/dfrobot_modulo.jpg  used on input line 400.
(pdftex.def)             Requested size: 198.38pt x 132.58803pt.
[16 <./figures/02_hardware/dfrobot_terminali.png (PNG copy)>]
<figures/02_hardware/power_distribution_board.jpg, id=725, 727.71875pt x 400.49625pt>
File: figures/02_hardware/power_distribution_board.jpg Graphic file (type jpg)
<use figures/02_hardware/power_distribution_board.jpg>
Package pdftex.def Info: figures/02_hardware/power_distribution_board.jpg  used on input line 411.
(pdftex.def)             Requested size: 198.38pt x 109.1743pt.
 [17 <./figures/02_hardware/dfrobot_modulo.jpg (PNG copy)> <./figures/02_hardware/power_distribution_board.jpg (PNG copy)>]
<figures/02_hardware/turnigy_motor.jpg, id=732, 658.46pt x 481.8pt>
File: figures/02_hardware/turnigy_motor.jpg Graphic file (type jpg)
<use figures/02_hardware/turnigy_motor.jpg>
Package pdftex.def Info: figures/02_hardware/turnigy_motor.jpg  used on input line 443.
(pdftex.def)             Requested size: 198.38pt x 145.15129pt.
 [18 <./figures/02_hardware/turnigy_motor.jpg (PNG copy)>]
<figures/02_hardware/turnigy_plush_40a.jpg, id=742, 589.20125pt x 597.23125pt>
File: figures/02_hardware/turnigy_plush_40a.jpg Graphic file (type jpg)
<use figures/02_hardware/turnigy_plush_40a.jpg>
Package pdftex.def Info: figures/02_hardware/turnigy_plush_40a.jpg  used on input line 464.
(pdftex.def)             Requested size: 198.38pt x 201.08752pt.
 [19 <./figures/02_hardware/turnigy_plush_40a.jpg (PNG copy)>]
Underfull \hbox (badness 10000) in paragraph at lines 479--481

 []

<figures/02_hardware/apc_9x45.jpg, id=750, 581.17125pt x 334.24875pt>
File: figures/02_hardware/apc_9x45.jpg Graphic file (type jpg)
<use figures/02_hardware/apc_9x45.jpg>
Package pdftex.def Info: figures/02_hardware/apc_9x45.jpg  used on input line 498.
(pdftex.def)             Requested size: 198.38pt x 114.09189pt.
[20]
<figures/02_hardware/hs82mg_misure.png, id=761, 591.20876pt x 563.10374pt>
File: figures/02_hardware/hs82mg_misure.png Graphic file (type png)
<use figures/02_hardware/hs82mg_misure.png>
Package pdftex.def Info: figures/02_hardware/hs82mg_misure.png  used on input line 516.
(pdftex.def)             Requested size: 220.42372pt x 209.94328pt.
 [21 <./figures/02_hardware/apc_9x45.jpg (PNG copy)> <./figures/02_hardware/hs82mg_misure.png (PNG copy)>]
<figures/02_hardware/hs82mg.jpg, id=769, 304.13625pt x 332.24126pt>
File: figures/02_hardware/hs82mg.jpg Graphic file (type jpg)
<use figures/02_hardware/hs82mg.jpg>
Package pdftex.def Info: figures/02_hardware/hs82mg.jpg  used on input line 541.
(pdftex.def)             Requested size: 176.33629pt x 192.63414pt.
 [22]
<figures/02_hardware/hs82mg_terminali.png, id=784, 584.1825pt x 161.60374pt>
File: figures/02_hardware/hs82mg_terminali.png Graphic file (type png)
<use figures/02_hardware/hs82mg_terminali.png>
Package pdftex.def Info: figures/02_hardware/hs82mg_terminali.png  used on input line 563.
(pdftex.def)             Requested size: 220.42372pt x 60.97606pt.
 [23 <./figures/02_hardware/hs82mg.jpg (PNG copy)>] [24 <./figures/02_hardware/hs82mg_terminali.png (PNG copy)>]
<figures/02_hardware/bno055_breakout.jpg, id=801, 562.1pt x 451.6875pt>
File: figures/02_hardware/bno055_breakout.jpg Graphic file (type jpg)
<use figures/02_hardware/bno055_breakout.jpg>
Package pdftex.def Info: figures/02_hardware/bno055_breakout.jpg  used on input line 593.
(pdftex.def)             Requested size: 198.38pt x 159.4094pt.
 [25 <./figures/02_hardware/bno055_breakout.jpg (PNG copy)>]
<figures/02_hardware/bno055_architettura.png, id=810, 633.36626pt x 610.28pt>
File: figures/02_hardware/bno055_architettura.png Graphic file (type png)
<use figures/02_hardware/bno055_architettura.png>
Package pdftex.def Info: figures/02_hardware/bno055_architettura.png  used on input line 616.
(pdftex.def)             Requested size: 264.51115pt x 254.87247pt.
 [26] [27 <./figures/02_hardware/bno055_architettura.png (PNG copy)>] [28]
<figures/02_hardware/vl53l1x_pinout.png, id=834, 1363.0925pt x 483.8075pt>
File: figures/02_hardware/vl53l1x_pinout.png Graphic file (type png)
<use figures/02_hardware/vl53l1x_pinout.png>
Package pdftex.def Info: figures/02_hardware/vl53l1x_pinout.png  used on input line 672.
(pdftex.def)             Requested size: 418.80373pt x 148.64996pt.
<figures/02_hardware/vl53l1x_emettitore.jpg, id=835, 682.55pt x 421.575pt>
File: figures/02_hardware/vl53l1x_emettitore.jpg Graphic file (type jpg)
<use figures/02_hardware/vl53l1x_emettitore.jpg>
Package pdftex.def Info: figures/02_hardware/vl53l1x_emettitore.jpg  used on input line 679.
(pdftex.def)             Requested size: 198.38pt x 122.52379pt.
 [29 <./figures/02_hardware/vl53l1x_pinout.png (PNG copy)> <./figures/02_hardware/vl53l1x_emettitore.jpg (PNG copy)>]
<figures/02_hardware/vl53l1x_fov.png, id=846, 654.445pt x 293.095pt>
File: figures/02_hardware/vl53l1x_fov.png Graphic file (type png)
<use figures/02_hardware/vl53l1x_fov.png>
Package pdftex.def Info: figures/02_hardware/vl53l1x_fov.png  used on input line 689.
(pdftex.def)             Requested size: 308.59187pt x 138.20189pt.
 [30 <./figures/02_hardware/vl53l1x_fov.png (PNG copy)>]
<figures/02_hardware/vl53l1x_prestazioni.png, id=858, 838.13126pt x 605.26125pt>
File: figures/02_hardware/vl53l1x_prestazioni.png Graphic file (type png)
<use figures/02_hardware/vl53l1x_prestazioni.png>
Package pdftex.def Info: figures/02_hardware/vl53l1x_prestazioni.png  used on input line 719.
(pdftex.def)             Requested size: 330.63559pt x 238.76617pt.
<figures/02_hardware/schema_collegamenti.png, id=860, 979.66pt x 1082.0425pt>
File: figures/02_hardware/schema_collegamenti.png Graphic file (type png)
<use figures/02_hardware/schema_collegamenti.png>
Package pdftex.def Info: figures/02_hardware/schema_collegamenti.png  used on input line 730.
(pdftex.def)             Requested size: 418.80373pt x 462.56146pt.
 [31 <./figures/02_hardware/vl53l1x_prestazioni.png (PNG copy)>] [32 <./figures/02_hardware/schema_collegamenti.png (PNG copy)>] [33] [34]
Capitolo 3.
[35

] [36] [37]
Overfull \hbox (55.51607pt too wide) in paragraph at lines 920--921
\OT1/cmr/m/n/10.95 l'ag-gior-na-men-to del ra-mo IMU{attuatori. La sua sca-den-za im-po-sta la flag \OT1/cmtt/m/n/10.95 actuate[]servo[]control\OT1/cmr/m/n/10.95 ,
 []

[38]
Overfull \hbox (31.67557pt too wide) in paragraph at lines 948--949
\OT1/cmr/m/n/10.95 con il suc-ces-si-vo riav-vio del-l'ac-qui-si-zio-ne tra-mi-te \OT1/cmtt/m/n/10.95 VL53L1[]ClearInterruptAndStartMeasurement()\OT1/cmr/m/n/10.95 . 
 []

[39]
<figures/03_firmware/flow_vl53l1x.png, id=928, 559.08875pt x 1606.0pt>
File: figures/03_firmware/flow_vl53l1x.png Graphic file (type png)
<use figures/03_firmware/flow_vl53l1x.png>
Package pdftex.def Info: figures/03_firmware/flow_vl53l1x.png  used on input line 970.
(pdftex.def)             Requested size: 220.42372pt x 633.17455pt.
 [40]
Overfull \vbox (33.6521pt too high) has occurred while \output is active []

 [41 <./figures/03_firmware/flow_vl53l1x.png>]
Overfull \hbox (61.1271pt too wide) in paragraph at lines 976--977
\OT1/cmr/m/n/10.95 men-te ri-le-van-te ^^Re il bloc-co de-di-ca-to al-l'ac-qui-si-zio-ne del-la po-sa ini-zia-le (\OT1/cmtt/m/n/10.95 DPDF[]BNO055[]firmware[]read[]init\OT1/cmr/m/n/10.95 ),
 []

<figures/03_firmware/flow_bno055.png, id=939, 509.905pt x 1606.0pt>
File: figures/03_firmware/flow_bno055.png Graphic file (type png)
<use figures/03_firmware/flow_bno055.png>
Package pdftex.def Info: figures/03_firmware/flow_bno055.png  used on input line 980.
(pdftex.def)             Requested size: 154.29929pt x 485.99417pt.
[42 <./figures/03_firmware/flow_bno055.png>]
<figures/03_firmware/flow_complessivo.png, id=947, 4223.78pt x 8221.71625pt>
File: figures/03_firmware/flow_complessivo.png Graphic file (type png)
<use figures/03_firmware/flow_complessivo.png>
Package pdftex.def Info: figures/03_firmware/flow_complessivo.png  used on input line 994.
(pdftex.def)             Requested size: 308.59187pt x 600.66957pt.
 [43]
Overfull \vbox (1.14713pt too high) has occurred while \output is active []

 [44 <./figures/03_firmware/flow_complessivo.png>]
LaTeX Font Info:    Trying to load font information for OMS+cmtt on input line 1003.
LaTeX Font Info:    No file OMScmtt.fd. on input line 1003.


LaTeX Font Warning: Font shape `OMS/cmtt/m/n' undefined
(Font)              using `OMS/cmsy/m/n' instead
(Font)              for symbol `textbackslash' on input line 1003.

[45] [46]
Overfull \hbox (21.7pt too wide) in paragraph at lines 1038--1039
[]\OT1/cmr/m/n/10.95 Nel firm-ware, il pe-rio-do no-mi-na-le del-la te-le-me-tria ^^Re de-fi-ni-to dal-la ma-cro \OT1/cmtt/m/n/10.95 TELEMETRY[]PERIOD[]MS\OT1/cmr/m/n/10.95 ,
 []


Overfull \hbox (20.2325pt too wide) in paragraph at lines 1038--1039
\OT1/cmr/m/n/10.95 le. La di-men-sio-ne mas-si-ma del-la strin-ga tra-smes-sa ^^Re in-ve-ce de-fi-ni-ta da \OT1/cmtt/m/n/10.95 STANDARD[]MESSAGE[]LENGTH\OT1/cmr/m/n/10.95 ,
 []


Overfull \hbox (20.64342pt too wide) in paragraph at lines 1054--1055
[]\OT1/cmr/m/n/10.95 La pre-sen-za di cam-pi dia-gno-sti-ci co-me \OT1/cmtt/m/n/10.95 uart[]rx[]errors\OT1/cmr/m/n/10.95 , \OT1/cmtt/m/n/10.95 uart[]rx[]overflows\OT1/cmr/m/n/10.95 , \OT1/cmtt/m/n/10.95 uart[]bad[]lines\OT1/cmr/m/n/10.95 ,
 []

<figures/03_firmware/tim3_config.png, id=968, 409.53pt x 743.77875pt>
File: figures/03_firmware/tim3_config.png Graphic file (type png)
<use figures/03_firmware/tim3_config.png>
Package pdftex.def Info: figures/03_firmware/tim3_config.png  used on input line 1060.
(pdftex.def)             Requested size: 220.42372pt x 400.34074pt.
[47] [48 <./figures/03_firmware/tim3_config.png>] [49]
Capitolo 4.
[50

] (/usr/local/texlive/2024/texmf-dist/tex/latex/listings/lstlang1.sty
File: lstlang1.sty 2024/02/21 1.10 listings language file
)
Package hyperref Info: bookmark level for unknown lstlisting defaults to 0 on input line 1124.
 [51]

LaTeX Warning: Reference `sec:architettura_controllo' on page 52 undefined on input line 1143.

[52] [53] [54] [55] [56]
<figures/04_telemetria/kill_switch.png, id=1089, 698.61pt x 389.455pt>
File: figures/04_telemetria/kill_switch.png Graphic file (type png)
<use figures/04_telemetria/kill_switch.png>
Package pdftex.def Info: figures/04_telemetria/kill_switch.png  used on input line 1269.
(pdftex.def)             Requested size: 330.63559pt x 184.32152pt.
 [57 <./figures/04_telemetria/kill_switch.png>]
<figures/04_telemetria/mod_controllo.png, id=1095, 491.8375pt x 602.25pt>
File: figures/04_telemetria/mod_controllo.png Graphic file (type png)
<use figures/04_telemetria/mod_controllo.png>
Package pdftex.def Info: figures/04_telemetria/mod_controllo.png  used on input line 1297.
(pdftex.def)             Requested size: 264.51115pt x 323.90523pt.
 [58 <./figures/04_telemetria/mod_controllo.png>]
<figures/04_telemetria/test_gradino_motori.png, id=1102, 1204.5pt x 803.0pt>
File: figures/04_telemetria/test_gradino_motori.png Graphic file (type png)
<use figures/04_telemetria/test_gradino_motori.png>
Package pdftex.def Info: figures/04_telemetria/test_gradino_motori.png  used on input line 1308.
(pdftex.def)             Requested size: 387.9479pt x 258.63162pt.
 [59 <./figures/04_telemetria/test_gradino_motori.png>] [60] [61] [62]
Capitolo 5.

Overfull \hbox (5.45389pt too wide) in paragraph at lines 1393--1394
[]\OT1/cmr/m/n/10.95 La mo-del-li-sti-ca ana-li-ti-ca clas-si-ca, ba-sa-ta sul-le equa-zio-ni car-di-na-li del-la di-na-mi-ca di Newton-
 []

<figures/05_modello/dataset_prbs1.png.jpeg, id=1147, 1606.0pt x 765.86125pt>
File: figures/05_modello/dataset_prbs1.png.jpeg Graphic file (type jpg)
<use figures/05_modello/dataset_prbs1.png.jpeg>
Package pdftex.def Info: figures/05_modello/dataset_prbs1.png.jpeg  used on input line 1409.
(pdftex.def)             Requested size: 330.63559pt x 157.66867pt.
[63

]
<figures/05_modello/dataset_prbs2.png.jpeg, id=1152, 1606.0pt x 766.865pt>
File: figures/05_modello/dataset_prbs2.png.jpeg Graphic file (type jpg)
<use figures/05_modello/dataset_prbs2.png.jpeg>
Package pdftex.def Info: figures/05_modello/dataset_prbs2.png.jpeg  used on input line 1414.
(pdftex.def)             Requested size: 330.63559pt x 157.87532pt.
 [64 <./figures/05_modello/dataset_prbs1.png.jpeg> <./figures/05_modello/dataset_prbs2.png.jpeg>] [65]
Overfull \hbox (24.776pt too wide) in paragraph at lines 1504--1505
\OT1/cmr/m/it/10.95 tion Tool-box\OT1/cmr/m/n/10.95 , con-fi-gu-ra-ta per im-por-re la sta-bi-lit^^Ra del mo-del-lo sti-ma-to (op-zio-ne \OT1/cmtt/m/n/10.95 EnforceStability\OT1/cmr/m/n/10.95 ).
 []

[66]
<figures/05_modello/cross_validation1.png, id=1212, 1477.52pt x 724.7075pt>
File: figures/05_modello/cross_validation1.png Graphic file (type png)
<use figures/05_modello/cross_validation1.png>
Package pdftex.def Info: figures/05_modello/cross_validation1.png  used on input line 1541.
(pdftex.def)             Requested size: 418.80373pt x 205.41585pt.
<figures/05_modello/cross_validation2.png, id=1213, 1606.0pt x 667.49374pt>
File: figures/05_modello/cross_validation2.png Graphic file (type png)
<use figures/05_modello/cross_validation2.png>
Package pdftex.def Info: figures/05_modello/cross_validation2.png  used on input line 1546.
(pdftex.def)             Requested size: 418.80373pt x 174.06372pt.
 [67 <./figures/05_modello/cross_validation1.png>] [68 <./figures/05_modello/cross_validation2.png>]
<figures/05_modello/step_response1.png, id=1227, 1318.9275pt x 692.5875pt>
File: figures/05_modello/step_response1.png Graphic file (type png)
<use figures/05_modello/step_response1.png>
Package pdftex.def Info: figures/05_modello/step_response1.png  used on input line 1594.
(pdftex.def)             Requested size: 418.80373pt x 219.9205pt.
<figures/05_modello/step_response2.png, id=1228, 1313.90875pt x 692.5875pt>
File: figures/05_modello/step_response2.png Graphic file (type png)
<use figures/05_modello/step_response2.png>
Package pdftex.def Info: figures/05_modello/step_response2.png  used on input line 1599.
(pdftex.def)             Requested size: 418.80373pt x 220.75537pt.
 [69 <./figures/05_modello/step_response1.png>] [70 <./figures/05_modello/step_response2.png>] [71] [72]
Capitolo 6.

Overfull \hbox (49.39787pt too wide) in paragraph at lines 1682--1683
[]\OT1/cmr/m/n/10.95 Il si-mu-la-to-re im-ple-men-ta l'in-te-gra-zio-ne nu-me-ri-ca del-le equa-zio-ni del mo-to me-dian-te un'\OT1/cmr/bx/n/10.95 architettura
 []

[73

] [74] [75] [76] [77]
<figures/06_simulazione/screenshot_simulatore.png, id=1350, 1927.2pt x 1084.05pt>
File: figures/06_simulazione/screenshot_simulatore.png Graphic file (type png)
<use figures/06_simulazione/screenshot_simulatore.png>
Package pdftex.def Info: figures/06_simulazione/screenshot_simulatore.png  used on input line 1839.
(pdftex.def)             Requested size: 418.80373pt x 235.56393pt.
 [78] [79 <./figures/06_simulazione/screenshot_simulatore.png>] [80] [81]
Capitolo 7.
[82

] [83] [84] [85] [86] [87] (/Users/albertonalli/Downloads/Ducted_Fan/Relazione/.texpadtmp/main.bbl [88]) [89

] (/Users/albertonalli/Downloads/Ducted_Fan/Relazione/.texpadtmp/main.aux)
 ***********
LaTeX2e <2023-11-01> patch level 1
L3 programming layer <2024-02-20>
 ***********


LaTeX Font Warning: Some font shapes were not available, defaults substituted.


LaTeX Warning: There were undefined references.


LaTeX Warning: There were multiply-defined labels.

Package rerunfilecheck Info: File `main.out' has not changed.
(rerunfilecheck)             Checksum: 4405FCC3CCB30D7FB3BD3152927B5060;28616.
 ) 
Here is how much of TeX's memory you used:
 17745 strings out of 474116
 288414 string characters out of 5743682
 2278187 words of memory out of 5000000
 39353 multiletter control sequences out of 15000+600000
 575992 words of font info for 101 fonts, out of 8000000 for 9000
 1141 hyphenation exceptions out of 8191
 79i,15n,93p,1388b,2045s stack positions out of 10000i,1000n,20000p,200000b,200000s
</usr/local/texlive/2024/texmf-dist/fonts/type1/public/amsfonts/cm/cmbx10.pfb></usr/local/texlive/2024/texmf-dist/fonts/type1/public/amsfonts/cm/cmbx12.pfb></usr/local/texlive/2024/texmf-dist/fonts/type1/public/amsfonts/cm/cmbx8.pfb></usr/local/texlive/2024/texmf-dist/fonts/type1/public/amsfonts/cm/cmbx9.pfb></usr/local/texlive/2024/texmf-dist/fonts/type1/public/amsfonts/cm/cmbxti10.pfb></usr/local/texlive/2024/texmf-dist/fonts/type1/public/amsfonts/cm/cmcsc10.pfb></usr/local/texlive/2024/texmf-dist/fonts/type1/public/amsfonts/cm/cmex10.pfb></usr/local/texlive/2024/texmf-dist/fonts/type1/public/amsfonts/cm/cmitt10.pfb></usr/local/texlive/2024/texmf-dist/fonts/type1/public/amsfonts/cm/cmmi10.pfb></usr/local/texlive/2024/texmf-dist/fonts/type1/public/amsfonts/cm/cmmi8.pfb></usr/local/texlive/2024/texmf-dist/fonts/type1/public/amsfonts/cm/cmr10.pfb></usr/local/texlive/2024/texmf-dist/fonts/type1/public/amsfonts/cm/cmr12.pfb></usr/local/texlive/2024/texmf-dist/fonts/type1/public/amsfonts/cm/cmr6.pfb></usr/local/texlive/2024/texmf-dist/fonts/type1/public/amsfonts/cm/cmr8.pfb></usr/local/texlive/2024/texmf-dist/fonts/type1/public/amsfonts/cm/cmsy10.pfb></usr/local/texlive/2024/texmf-dist/fonts/type1/public/amsfonts/cm/cmsy8.pfb></usr/local/texlive/2024/texmf-dist/fonts/type1/public/amsfonts/cm/cmti10.pfb></usr/local/texlive/2024/texmf-dist/fonts/type1/public/amsfonts/cm/cmti9.pfb></usr/local/texlive/2024/texmf-dist/fonts/type1/public/amsfonts/cm/cmtt10.pfb></usr/local/texlive/2024/texmf-dist/fonts/type1/public/amsfonts/cm/cmtt9.pfb></usr/local/texlive/2024/texmf-dist/fonts/type1/public/cm-super/sfbx1095.pfb></usr/local/texlive/2024/texmf-dist/fonts/type1/public/cm-super/sfrm1000.pfb></usr/local/texlive/2024/texmf-dist/fonts/type1/public/cm-super/sfrm1095.pfb>
Output written on /Users/albertonalli/Downloads/Ducted_Fan/Relazione/.texpadtmp/main.pdf (90 pages, 16060745 bytes).
PDF statistics:
 1651 PDF objects out of 1728 (max. 8388607)
 1453 compressed objects within 15 object streams
 508 named destinations out of 1000 (max. 500000)
 1139 words of extra memory for PDF output out of 10000 (max. 10000000)

