\BOOKMARK [0][-]{chapter*.1}{\376\377\000I\000n\000t\000r\000o\000d\000u\000z\000i\000o\000n\000e}{}% 1
\BOOKMARK [0][-]{chapter.1}{\376\377\000S\000i\000s\000t\000e\000m\000a}{}% 2
\BOOKMARK [1][-]{section.1.1}{\376\377\000D\000o\000u\000b\000l\000e\000\040\000P\000r\000o\000p\000e\000l\000l\000e\000r\000\040\000D\000u\000c\000t\000e\000d\000-\000F\000a\000n\000.\000\040\000S\000t\000r\000u\000t\000t\000u\000r\000a}{chapter.1}% 3
\BOOKMARK [1][-]{section.1.2}{\376\377\000C\000o\000n\000t\000r\000o\000l\000l\000o\000\040\000d\000e\000l\000\040\000D\000o\000u\000b\000l\000e\000\040\000P\000r\000o\000p\000e\000l\000l\000e\000r\000\040\000D\000u\000c\000t\000e\000d\000-\000F\000a\000n}{chapter.1}% 4
\BOOKMARK [0][-]{chapter.2}{\376\377\000H\000a\000r\000d\000w\000a\000r\000e}{}% 5
\BOOKMARK [1][-]{section.2.1}{\376\377\000S\000T\000M\0003\0002\000\040\000N\000U\000C\000L\000E\000O\000-\000H\0007\0004\0005\000Z\000I\000-\000Q\000.\000\040\000L\000a\000\040\000s\000c\000h\000e\000d\000a\000\040\000d\000i\000\040\000c\000o\000n\000t\000r\000o\000l\000l\000o}{chapter.2}% 6
\BOOKMARK [2][-]{subsection.2.1.1}{\376\377\000S\000T\000M\0003\0002\000H\0007\0004\0005\000Z\000I\000-\000T\000Q\0006\000.\000\040\000A\000r\000c\000h\000i\000t\000e\000t\000t\000u\000r\000a}{section.2.1}% 7
\BOOKMARK [2][-]{subsection.2.1.2}{\376\377\000S\000T\000M\0003\0002\000H\0007\0004\0005\000Z\000I\000-\000T\000Q\0006\000.\000\040\000T\000i\000m\000e\000r}{section.2.1}% 8
\BOOKMARK [2][-]{subsection.2.1.3}{\376\377\000S\000T\000M\0003\0002\000H\0007\0004\0005\000Z\000I\000-\000T\000Q\0006\000.\000\040\000P\000e\000r\000i\000f\000e\000r\000i\000c\000h\000e\000\040\000d\000i\000\040\000c\000o\000m\000u\000n\000i\000c\000a\000z\000i\000o\000n\000e}{section.2.1}% 9
\BOOKMARK [2][-]{subsection.2.1.4}{\376\377\000S\000T\000M\0003\0002\000H\0007\0004\0005\000Z\000I\000-\000T\000Q\0006\000.\000\040\000E\000v\000e\000n\000t\000i\000\040\000a\000s\000i\000n\000c\000r\000o\000n\000i}{section.2.1}% 10
\BOOKMARK [2][-]{subsection.2.1.5}{\376\377\000N\000U\000C\000L\000E\000O\000-\000H\0007\0004\0005\000Z\000I\000-\000Q\000.\000\040\000C\000a\000r\000a\000t\000t\000e\000r\000i\000s\000t\000i\000c\000h\000e\000\040\000d\000e\000l\000l\000a\000\040\000s\000c\000h\000e\000d\000a}{section.2.1}% 11
\BOOKMARK [1][-]{section.2.2}{\376\377\000T\000A\000T\000T\000U\000\040\000L\000i\000P\000o\000.\000\040\000B\000a\000t\000t\000e\000r\000i\000a\000\040\000r\000i\000c\000a\000r\000i\000c\000a\000b\000i\000l\000e}{chapter.2}% 12
\BOOKMARK [2][-]{subsection.2.2.1}{\376\377\000T\000A\000T\000T\000U\000\040\000L\000i\000P\000o\000.\000\040\000C\000a\000r\000a\000t\000t\000e\000r\000i\000s\000t\000i\000c\000h\000e\000\040\000f\000i\000s\000i\000c\000h\000e}{section.2.2}% 13
\BOOKMARK [2][-]{subsection.2.2.2}{\376\377\000T\000A\000T\000T\000U\000\040\000L\000i\000P\000o\000.\000\040\000C\000a\000r\000a\000t\000t\000e\000r\000i\000s\000t\000i\000c\000h\000e\000\040\000t\000e\000c\000n\000i\000c\000h\000e\000\040\000e\000\040\000c\000o\000n\000s\000i\000d\000e\000r\000a\000z\000i\000o\000n\000i\000\040\000o\000p\000e\000r\000a\000t\000i\000v\000e}{section.2.2}% 14
\BOOKMARK [1][-]{section.2.3}{\376\377\000P\000o\000w\000e\000r\000S\000a\000f\000e\000\040\000T\000w\000i\000n\000\040\000A\000D\000V\000.\000\040\000M\000N\000R\000-\000e\000l\000e\000c\000t\000r\000o\000n\000i\000c\000s}{chapter.2}% 15
\BOOKMARK [2][-]{subsection.2.3.1}{\376\377\000P\000o\000w\000e\000r\000S\000a\000f\000e\000\040\000T\000w\000i\000n\000\040\000A\000D\000V\000.\000\040\000C\000a\000r\000a\000t\000t\000e\000r\000i\000s\000t\000i\000c\000h\000e\000\040\000f\000i\000s\000i\000c\000h\000e\000\040\000e\000\040\000t\000e\000c\000n\000i\000c\000h\000e}{section.2.3}% 16
\BOOKMARK [1][-]{section.2.4}{\376\377\000D\000F\000R\000o\000b\000o\000t\000\040\000P\000o\000w\000e\000r\000\040\000M\000o\000d\000u\000l\000e\000.\000\040\000C\000o\000n\000v\000e\000r\000t\000i\000t\000o\000r\000e\000\040\000d\000i\000\040\000t\000e\000n\000s\000i\000o\000n\000e}{chapter.2}% 17
\BOOKMARK [1][-]{section.2.5}{\376\377\000P\000o\000w\000e\000r\000\040\000D\000i\000s\000t\000r\000i\000b\000u\000t\000i\000o\000n\000\040\000B\000o\000a\000r\000d}{chapter.2}% 18
\BOOKMARK [1][-]{section.2.6}{\376\377\000T\000u\000r\000n\000i\000g\000y\000\040\000A\000e\000r\000e\000o\000D\000r\000i\000v\000e\000\040\000S\000K\0003\000-\0003\0005\0003\0006\000\040\0001\0004\0000\0000\000K\000V}{chapter.2}% 19
\BOOKMARK [2][-]{subsection.2.6.1}{\376\377\000T\000u\000r\000n\000i\000g\000y\000\040\000A\000e\000r\000e\000o\000D\000r\000i\000v\000e\000\040\000S\000K\0003\000-\0003\0005\0003\0006\000\040\0001\0004\0000\0000\000\040\000K\000V\000.\000\040\000C\000a\000r\000a\000t\000t\000e\000r\000i\000s\000t\000i\000c\000h\000e\000\040\000f\000i\000s\000i\000c\000h\000e\000\040\000e\000\040\000t\000e\000c\000n\000i\000c\000h\000e}{section.2.6}% 20
\BOOKMARK [1][-]{section.2.7}{\376\377\000T\000u\000r\000n\000i\000g\000y\000\040\000P\000l\000u\000s\000h\000\040\0004\0000\000A\000.\000\040\000E\000l\000e\000c\000t\000r\000o\000n\000i\000c\000\040\000S\000p\000e\000e\000d\000\040\000C\000o\000n\000t\000r\000o\000l\000l\000e\000r}{chapter.2}% 21
\BOOKMARK [2][-]{subsection.2.7.1}{\376\377\000T\000u\000r\000n\000i\000g\000y\000\040\000P\000l\000u\000s\000h\000\040\0004\0000\000A\000.\000\040\000C\000a\000r\000a\000t\000t\000e\000r\000i\000s\000t\000i\000c\000h\000e\000\040\000f\000i\000s\000i\000c\000h\000e}{section.2.7}% 22
\BOOKMARK [2][-]{subsection.2.7.2}{\376\377\000T\000u\000r\000n\000i\000g\000y\000\040\000P\000l\000u\000s\000h\000\040\0004\0000\000A\000.\000\040\000R\000i\000s\000o\000l\000u\000z\000i\000o\000n\000e\000\040\000e\000\040\000c\000o\000n\000t\000r\000o\000l\000l\000o\000\040\000d\000e\000i\000\040\000m\000o\000t\000o\000r\000i}{section.2.7}% 23
\BOOKMARK [1][-]{section.2.8}{\376\377\000A\000P\000C\000\040\0009\000x\0004\000.\0005\000.\000\040\000E\000l\000i\000c\000h\000e}{chapter.2}% 24
\BOOKMARK [2][-]{subsection.2.8.1}{\376\377\000C\000a\000r\000a\000t\000t\000e\000r\000i\000s\000t\000i\000c\000h\000e\000\040\000f\000i\000s\000i\000c\000h\000e}{section.2.8}% 25
\BOOKMARK [1][-]{section.2.9}{\376\377\000H\000i\000t\000e\000c\000\040\000H\000S\000-\0008\0002\000M\000G\000\040\000G\000e\000a\000r\000\040\000m\000i\000c\000r\000o\000\040\000s\000e\000r\000v\000o}{chapter.2}% 26
\BOOKMARK [2][-]{subsection.2.9.1}{\376\377\000H\000S\000-\0008\0002\000M\000G\000\040\000H\000i\000t\000e\000c\000.\000\040\000C\000a\000r\000a\000t\000t\000e\000r\000i\000s\000t\000i\000c\000h\000e\000\040\000f\000i\000s\000i\000c\000h\000e}{section.2.9}% 27
\BOOKMARK [2][-]{subsection.2.9.2}{\376\377\000H\000S\000-\0008\0002\000M\000G\000\040\000H\000i\000t\000e\000c\000.\000\040\000C\000a\000r\000a\000t\000t\000e\000r\000i\000s\000t\000i\000c\000h\000e\000\040\000t\000e\000c\000n\000i\000c\000h\000e\000\040\000e\000\040\000c\000o\000n\000t\000r\000o\000l\000l\000o}{section.2.9}% 28
\BOOKMARK [1][-]{section.2.10}{\376\377\000B\000N\000O\0000\0005\0005\000\040\000B\000o\000s\000c\000h\000\040\000S\000e\000n\000s\000o\000r\000t\000e\000c\000.\000\040\000U\000n\000i\000t\000\340\000\040\000d\000i\000\040\000m\000i\000s\000u\000r\000a\000\040\000i\000n\000e\000r\000z\000i\000a\000l\000e\000\040\000e\000\040\000m\000a\000g\000n\000e\000t\000o\000m\000e\000t\000r\000o}{chapter.2}% 29
\BOOKMARK [2][-]{subsection.2.10.1}{\376\377\000B\000N\000O\0000\0005\0005\000\040\000B\000o\000s\000c\000h\000\040\000S\000e\000n\000s\000o\000r\000t\000e\000c\000.\000\040\000C\000a\000r\000a\000t\000t\000e\000r\000i\000s\000t\000i\000c\000h\000e\000\040\000f\000i\000s\000i\000c\000h\000e}{section.2.10}% 30
\BOOKMARK [2][-]{subsection.2.10.2}{\376\377\000B\000N\000O\0000\0005\0005\000\040\000B\000o\000s\000c\000h\000\040\000S\000e\000n\000s\000o\000r\000t\000e\000c\000.\000\040\000I\000n\000f\000r\000a\000s\000t\000r\000u\000t\000t\000u\000r\000a\000\040\000d\000i\000\040\000a\000l\000i\000m\000e\000n\000t\000a\000z\000i\000o\000n\000e\000,\000\040\000c\000o\000m\000u\000n\000i\000c\000a\000z\000i\000o\000n\000e\000\040\000e\000d\000\040\000i\000n\000t\000e\000g\000r\000a\000z\000i\000o\000n\000e\000\040\000d\000e\000l\000\040\000s\000e\000n\000s\000o\000r\000e}{section.2.10}% 31
\BOOKMARK [2][-]{subsection.2.10.3}{\376\377\000B\000N\000O\0000\0005\0005\000\040\000B\000o\000s\000c\000h\000\040\000S\000e\000n\000s\000o\000r\000t\000e\000c\000.\000\040\000S\000e\000n\000s\000o\000r\000i\000\040\000i\000n\000e\000r\000z\000i\000a\000l\000i\000\040\000e\000\040\000s\000e\000n\000s\000o\000r\000\040\000f\000u\000s\000i\000o\000n}{section.2.10}% 32
\BOOKMARK [2][-]{subsection.2.10.4}{\376\377\000B\000N\000O\0000\0005\0005\000\040\000B\000o\000s\000c\000h\000\040\000S\000e\000n\000s\000o\000r\000t\000e\000c\000.\000\040\000M\000o\000d\000a\000l\000i\000t\000\340\000\040\000o\000p\000e\000r\000a\000t\000i\000v\000e}{section.2.10}% 33
\BOOKMARK [1][-]{section.2.11}{\376\377\000V\000L\0005\0003\000L\0001\000X\000\040\000S\000T\000.\000\040\000S\000e\000n\000s\000o\000r\000e\000\040\000T\000i\000m\000e\000-\000o\000f\000-\000F\000l\000i\000g\000h\000t\000\040\000p\000e\000r\000\040\000l\000a\000\040\000m\000i\000s\000u\000r\000a\000z\000i\000o\000n\000e\000\040\000a\000\040\000l\000u\000n\000g\000a\000\040\000d\000i\000s\000t\000a\000n\000z\000a}{chapter.2}% 34
\BOOKMARK [2][-]{subsection.2.11.1}{\376\377\000I\000l\000\040\000p\000r\000i\000n\000c\000i\000p\000i\000o\000\040\000d\000i\000\040\000m\000i\000s\000u\000r\000a\000\040\000d\000i\000\040\000u\000n\000\040\000s\000e\000n\000s\000o\000r\000e\000\040\000T\000i\000m\000e\000-\000o\000f\000-\000F\000l\000i\000g\000h\000t\000\040\000\050\000T\000o\000F\000\051}{section.2.11}% 35
\BOOKMARK [2][-]{subsection.2.11.2}{\376\377\000V\000L\0005\0003\000L\0001\000X\000\040\000S\000T\000M\000i\000c\000r\000o\000e\000l\000e\000c\000t\000r\000o\000n\000i\000c\000s\000.\000\040\000C\000a\000r\000a\000t\000t\000e\000r\000i\000s\000t\000i\000c\000h\000e\000\040\000f\000i\000s\000i\000c\000h\000e}{section.2.11}% 36
\BOOKMARK [2][-]{subsection.2.11.3}{\376\377\000V\000L\0005\0003\000L\0001\000X\000\040\000S\000T\000M\000i\000c\000r\000o\000e\000l\000e\000c\000t\000r\000o\000n\000i\000c\000s\000.\000\040\000C\000a\000r\000a\000t\000t\000e\000r\000i\000s\000t\000i\000c\000h\000e\000\040\000t\000e\000c\000n\000i\000c\000h\000e}{section.2.11}% 37
\BOOKMARK [1][-]{section.2.12}{\376\377\000S\000c\000h\000e\000m\000a\000\040\000d\000e\000i\000\040\000c\000o\000l\000l\000e\000g\000a\000m\000e\000n\000t\000i}{chapter.2}% 38
\BOOKMARK [2][-]{subsection.2.12.1}{\376\377\000T\000a\000b\000e\000l\000l\000e\000\040\000d\000e\000i\000\040\000c\000o\000l\000l\000e\000g\000a\000m\000e\000n\000t\000i}{section.2.12}% 39
\BOOKMARK [0][-]{chapter.3}{\376\377\000F\000i\000r\000m\000w\000a\000r\000e}{}% 40
\BOOKMARK [1][-]{section.3.1}{\376\377\000A\000r\000c\000h\000i\000t\000e\000t\000t\000u\000r\000a\000\040\000s\000o\000f\000t\000w\000a\000r\000e\000\040\000e\000v\000e\000n\000t\000-\000d\000r\000i\000v\000e\000n}{chapter.3}% 41
\BOOKMARK [1][-]{section.3.2}{\376\377\000G\000e\000s\000t\000i\000o\000n\000e\000\040\000d\000e\000l\000\040\000m\000i\000c\000r\000o\000c\000o\000n\000t\000r\000o\000l\000l\000o\000r\000e\000\040\000d\000u\000a\000l\000-\000c\000o\000r\000e}{chapter.3}% 42
\BOOKMARK [1][-]{section.3.3}{\376\377\000O\000r\000g\000a\000n\000i\000z\000z\000a\000z\000i\000o\000n\000e\000\040\000m\000o\000d\000u\000l\000a\000r\000e\000\040\000d\000e\000l\000\040\000c\000o\000d\000i\000c\000e}{chapter.3}% 43
\BOOKMARK [1][-]{section.3.4}{\376\377\000C\000o\000n\000f\000i\000g\000u\000r\000a\000z\000i\000o\000n\000e\000\040\000d\000e\000l\000l\000e\000\040\000p\000e\000r\000i\000f\000e\000r\000i\000c\000h\000e}{chapter.3}% 44
\BOOKMARK [2][-]{subsection.3.4.1}{\376\377\000T\000i\000m\000e\000r}{section.3.4}% 45
\BOOKMARK [2][-]{subsection.3.4.2}{\376\377\000P\000e\000r\000i\000f\000e\000r\000i\000c\000h\000e\000\040\000d\000i\000\040\000c\000o\000m\000u\000n\000i\000c\000a\000z\000i\000o\000n\000e}{section.3.4}% 46
\BOOKMARK [1][-]{section.3.5}{\376\377\000G\000e\000s\000t\000i\000o\000n\000e\000\040\000d\000e\000i\000\040\000s\000e\000n\000s\000o\000r\000i}{chapter.3}% 47
\BOOKMARK [2][-]{subsection.3.5.1}{\376\377\000V\000L\0005\0003\000L\0001\000X\000\040\040\024\000\040\000A\000c\000q\000u\000i\000s\000i\000z\000i\000o\000n\000e\000\040\000d\000i\000\040\000q\000u\000o\000t\000a}{section.3.5}% 48
\BOOKMARK [2][-]{subsection.3.5.2}{\376\377\000B\000N\000O\000-\0000\0005\0005\000\040\040\024\000\040\000A\000c\000q\000u\000i\000s\000i\000z\000i\000o\000n\000e\000\040\000d\000e\000l\000l\000'\000a\000s\000s\000e\000t\000t\000o}{section.3.5}% 49
\BOOKMARK [1][-]{section.3.6}{\376\377\000D\000i\000a\000g\000r\000a\000m\000m\000i\000\040\000d\000i\000\040\000f\000l\000u\000s\000s\000o}{chapter.3}% 50
\BOOKMARK [2][-]{subsection.3.6.1}{\376\377\000D\000i\000a\000g\000r\000a\000m\000m\000a\000\040\000d\000i\000\040\000f\000l\000u\000s\000s\000o\000\040\000d\000e\000l\000\040\000V\000L\0005\0003\000L\0001\000X}{section.3.6}% 51
\BOOKMARK [2][-]{subsection.3.6.2}{\376\377\000D\000i\000a\000g\000r\000a\000m\000m\000a\000\040\000d\000i\000\040\000f\000l\000u\000s\000s\000o\000\040\000d\000e\000l\000\040\000B\000N\000O\000-\0000\0005\0005}{section.3.6}% 52
\BOOKMARK [2][-]{subsection.3.6.3}{\376\377\000D\000i\000a\000g\000r\000a\000m\000m\000a\000\040\000d\000i\000\040\000f\000l\000u\000s\000s\000o\000\040\000d\000e\000l\000\040\000f\000i\000r\000m\000w\000a\000r\000e\000\040\000c\000o\000m\000p\000l\000e\000s\000s\000i\000v\000o}{section.3.6}% 53
\BOOKMARK [1][-]{section.3.7}{\376\377\000A\000r\000c\000h\000i\000t\000e\000t\000t\000u\000r\000a\000\040\000d\000i\000\040\000c\000o\000n\000t\000r\000o\000l\000l\000o\000\040\000a\000\040\000q\000u\000a\000t\000t\000r\000o\000\040\000P\000I\000D}{chapter.3}% 54
\BOOKMARK [2][-]{subsection.3.7.1}{\376\377\000D\000e\000c\000o\000m\000p\000o\000s\000i\000z\000i\000o\000n\000e\000\040\000f\000u\000n\000z\000i\000o\000n\000a\000l\000e}{section.3.7}% 55
\BOOKMARK [2][-]{subsection.3.7.2}{\376\377\000I\000m\000p\000l\000e\000m\000e\000n\000t\000a\000z\000i\000o\000n\000e\000\040\000n\000e\000l\000\040\000f\000i\000r\000m\000w\000a\000r\000e}{section.3.7}% 56
\BOOKMARK [2][-]{subsection.3.7.3}{\376\377\000S\000a\000t\000u\000r\000a\000z\000i\000o\000n\000i\000\040\000h\000a\000r\000d\000w\000a\000r\000e\000\040\000e\000\040\000a\000n\000t\000i\000-\000w\000i\000n\000d\000u\000p}{section.3.7}% 57
\BOOKMARK [1][-]{section.3.8}{\376\377\000P\000r\000o\000t\000o\000c\000o\000l\000l\000o\000\040\000d\000i\000\040\000c\000o\000m\000u\000n\000i\000c\000a\000z\000i\000o\000n\000e\000\040\000s\000e\000r\000i\000a\000l\000e\000\040\000c\000o\000n\000\040\000M\000A\000T\000L\000A\000B}{chapter.3}% 58
\BOOKMARK [2][-]{subsection.3.8.1}{\376\377\000C\000o\000m\000a\000n\000d\000i\000\040\000r\000i\000c\000e\000v\000u\000t\000i\000\040\000d\000a\000l\000\040\000f\000i\000r\000m\000w\000a\000r\000e}{section.3.8}% 59
\BOOKMARK [2][-]{subsection.3.8.2}{\376\377\000A\000C\000K\000\040\000e\000\040\000w\000a\000t\000c\000h\000d\000o\000g\000\040\000d\000i\000\040\000s\000i\000c\000u\000r\000e\000z\000z\000a}{section.3.8}% 60
\BOOKMARK [1][-]{section.3.9}{\376\377\000S\000a\000f\000e\000\040\000s\000t\000a\000r\000t\000u\000p\000\040\000e\000\040\000g\000e\000s\000t\000i\000o\000n\000e\000\040\000d\000e\000l\000l\000e\000\040\000a\000n\000o\000m\000a\000l\000i\000e}{chapter.3}% 61
\BOOKMARK [0][-]{chapter.4}{\376\377\000T\000e\000l\000e\000m\000e\000t\000r\000i\000a}{}% 62
\BOOKMARK [1][-]{section.4.1}{\376\377\000R\000u\000o\000l\000o\000\040\000d\000e\000l\000l\000a\000\040\000t\000e\000l\000e\000m\000e\000t\000r\000i\000a\000\040\000n\000e\000l\000\040\000p\000r\000o\000g\000e\000t\000t\000o}{chapter.4}% 63
\BOOKMARK [1][-]{section.4.2}{\376\377\000A\000r\000c\000h\000i\000t\000e\000t\000t\000u\000r\000a\000\040\000d\000e\000l\000\040\000c\000a\000n\000a\000l\000e\000\040\000d\000i\000\040\000c\000o\000m\000u\000n\000i\000c\000a\000z\000i\000o\000n\000e}{chapter.4}% 64
\BOOKMARK [1][-]{section.4.3}{\376\377\000P\000a\000r\000a\000m\000e\000t\000r\000i\000z\000z\000a\000z\000i\000o\000n\000e\000\040\000d\000e\000l\000l\000o\000\040\000s\000c\000r\000i\000p\000t\000\040\000d\000i\000\040\000a\000c\000q\000u\000i\000s\000i\000z\000i\000o\000n\000e}{chapter.4}% 65
\BOOKMARK [1][-]{section.4.4}{\376\377\000P\000r\000o\000t\000o\000c\000o\000l\000l\000o\000\040\000d\000i\000\040\000s\000c\000a\000m\000b\000i\000o\000\040\000d\000a\000t\000i}{chapter.4}% 66
\BOOKMARK [2][-]{subsection.4.4.1}{\376\377\000F\000l\000u\000s\000s\000o\000\040\000d\000i\000\040\000u\000p\000l\000i\000n\000k\000:\000\040\000c\000o\000m\000a\000n\000d\000i}{section.4.4}% 67
\BOOKMARK [2][-]{subsection.4.4.2}{\376\377\000F\000l\000u\000s\000s\000o\000\040\000d\000i\000\040\000d\000o\000w\000n\000l\000i\000n\000k\000:\000\040\000t\000e\000l\000e\000m\000e\000t\000r\000i\000a}{section.4.4}% 68
\BOOKMARK [1][-]{section.4.5}{\376\377\000W\000a\000t\000c\000h\000d\000o\000g\000\040\000f\000i\000r\000m\000w\000a\000r\000e\000\040\000e\000\040\000k\000e\000e\000p\000-\000a\000l\000i\000v\000e\000\040\000l\000a\000t\000o\000\040\000M\000A\000T\000L\000A\000B}{chapter.4}% 69
\BOOKMARK [1][-]{section.4.6}{\376\377\000L\000o\000o\000p\000\040\000d\000i\000\040\000a\000c\000q\000u\000i\000s\000i\000z\000i\000o\000n\000e\000\040\000M\000A\000T\000L\000A\000B}{chapter.4}% 70
\BOOKMARK [2][-]{subsection.4.6.1}{\376\377\000S\000c\000h\000e\000d\000u\000l\000i\000n\000g\000\040\000a\000n\000t\000i\000-\000b\000u\000r\000s\000t}{section.4.6}% 71
\BOOKMARK [2][-]{subsection.4.6.2}{\376\377\000P\000a\000r\000s\000i\000n\000g\000\040\000C\000S\000V\000\040\000e\000\040\000v\000a\000l\000i\000d\000a\000z\000i\000o\000n\000e\000\040\000d\000e\000l\000l\000e\000\040\000r\000i\000g\000h\000e}{section.4.6}% 72
\BOOKMARK [2][-]{subsection.4.6.3}{\376\377\000T\000e\000r\000m\000i\000n\000a\000z\000i\000o\000n\000e\000\040\000a\000s\000i\000n\000c\000r\000o\000n\000a\000\040\000d\000i\000\040\000e\000m\000e\000r\000g\000e\000n\000z\000a}{section.4.6}% 73
\BOOKMARK [2][-]{subsection.4.6.4}{\376\377\000C\000h\000i\000u\000s\000u\000r\000a\000\040\000c\000o\000n\000t\000r\000o\000l\000l\000a\000t\000a\000\040\000c\000o\000n\000\040\000o\000n\000C\000l\000e\000a\000n\000u\000p}{section.4.6}% 74
\BOOKMARK [1][-]{section.4.7}{\376\377\000P\000r\000o\000f\000i\000l\000i\000\040\000d\000i\000\040\000e\000c\000c\000i\000t\000a\000z\000i\000o\000n\000e}{chapter.4}% 75
\BOOKMARK [2][-]{subsection.4.7.1}{\376\377\000S\000e\000g\000n\000a\000l\000i\000\040\000a\000\040\000g\000r\000a\000d\000i\000n\000o}{section.4.7}% 76
\BOOKMARK [2][-]{subsection.4.7.2}{\376\377\000S\000e\000g\000n\000a\000l\000i\000\040\000a\000r\000m\000o\000n\000i\000c\000i\000\040\000e\000\040\000c\000h\000i\000r\000p}{section.4.7}% 77
\BOOKMARK [2][-]{subsection.4.7.3}{\376\377\000S\000e\000q\000u\000e\000n\000z\000e\000\040\000p\000s\000e\000u\000d\000o\000-\000c\000a\000s\000u\000a\000l\000i\000\040\000m\000u\000l\000t\000i\000l\000i\000v\000e\000l\000l\000o}{section.4.7}% 78
\BOOKMARK [2][-]{subsection.4.7.4}{\376\377\000E\000c\000c\000i\000t\000a\000z\000i\000o\000n\000i\000\040\000m\000u\000l\000t\000i\000-\000a\000s\000s\000e}{section.4.7}% 79
\BOOKMARK [1][-]{section.4.8}{\376\377\000V\000a\000l\000i\000d\000a\000z\000i\000o\000n\000e\000\040\000d\000e\000l\000\040\000l\000i\000n\000k\000\040\000t\000e\000l\000e\000m\000a\000t\000i\000c\000o}{chapter.4}% 80
\BOOKMARK [0][-]{chapter.5}{\376\377\000I\000d\000e\000n\000t\000i\000f\000i\000c\000a\000z\000i\000o\000n\000e\000\040\000d\000e\000l\000\040\000m\000o\000d\000e\000l\000l\000o}{}% 81
\BOOKMARK [1][-]{section.5.1}{\376\377\000A\000p\000p\000r\000o\000c\000c\000i\000o\000\040\000d\000a\000t\000a\000-\000d\000r\000i\000v\000e\000n}{chapter.5}% 82
\BOOKMARK [1][-]{section.5.2}{\376\377\000P\000r\000e\000-\000e\000l\000a\000b\000o\000r\000a\000z\000i\000o\000n\000e\000\040\000d\000e\000i\000\040\000d\000a\000t\000i}{chapter.5}% 83
\BOOKMARK [1][-]{section.5.3}{\376\377\000S\000e\000l\000e\000z\000i\000o\000n\000e\000\040\000d\000e\000l\000l\000'\000a\000r\000c\000h\000i\000t\000e\000t\000t\000u\000r\000a\000\040\000d\000e\000l\000\040\000m\000o\000d\000e\000l\000l\000o}{chapter.5}% 84
\BOOKMARK [1][-]{section.5.4}{\376\377\000S\000t\000i\000m\000a\000\040\000d\000e\000l\000\040\000m\000o\000d\000e\000l\000l\000o\000\040\000e\000\040\000v\000a\000l\000i\000d\000a\000z\000i\000o\000n\000e}{chapter.5}% 85
\BOOKMARK [2][-]{subsection.5.4.1}{\376\377\000A\000n\000a\000l\000i\000s\000i\000\040\000d\000e\000l\000\040\000g\000u\000a\000d\000a\000g\000n\000o\000\040\000s\000t\000a\000t\000i\000c\000o}{section.5.4}% 86
\BOOKMARK [1][-]{section.5.5}{\376\377\000S\000i\000n\000t\000e\000s\000i\000\040\000d\000e\000l\000\040\000c\000o\000n\000t\000r\000o\000l\000l\000o\000r\000e\000\040\000P\000I\000D\000F}{chapter.5}% 87
\BOOKMARK [2][-]{subsection.5.5.1}{\376\377\000A\000r\000c\000h\000i\000t\000e\000t\000t\000u\000r\000a\000\040\000d\000e\000l\000\040\000c\000o\000n\000t\000r\000o\000l\000l\000o\000r\000e}{section.5.5}% 88
\BOOKMARK [2][-]{subsection.5.5.2}{\376\377\000S\000i\000n\000t\000e\000s\000i\000\040\000t\000r\000a\000m\000i\000t\000e\000\040\000p\000i\000d\000t\000u\000n\000e}{section.5.5}% 89
\BOOKMARK [2][-]{subsection.5.5.3}{\376\377\000D\000i\000s\000c\000r\000e\000t\000i\000z\000z\000a\000z\000i\000o\000n\000e\000\040\000p\000e\000r\000\040\000i\000l\000\040\000f\000i\000r\000m\000w\000a\000r\000e}{section.5.5}% 90
\BOOKMARK [1][-]{section.5.6}{\376\377\000G\000u\000a\000d\000a\000g\000n\000i\000\040\000f\000i\000n\000a\000l\000i\000\040\000e\000\040\000p\000a\000r\000a\000m\000e\000t\000r\000i\000\040\000P\000I\000D}{chapter.5}% 91
\BOOKMARK [1][-]{section.5.7}{\376\377\000C\000o\000n\000s\000i\000d\000e\000r\000a\000z\000i\000o\000n\000i\000\040\000s\000u\000l\000l\000'\000a\000p\000p\000r\000o\000c\000c\000i\000o\000\040\000b\000l\000a\000c\000k\000-\000b\000o\000x}{chapter.5}% 92
\BOOKMARK [0][-]{chapter.6}{\376\377\000S\000i\000m\000u\000l\000a\000z\000i\000o\000n\000e\000\040\0003\000D}{}% 93
\BOOKMARK [1][-]{section.6.1}{\376\377\000O\000b\000i\000e\000t\000t\000i\000v\000i\000\040\000e\000\040\000a\000r\000c\000h\000i\000t\000e\000t\000t\000u\000r\000a\000\040\000d\000e\000l\000\040\000s\000i\000m\000u\000l\000a\000t\000o\000r\000e}{chapter.6}% 94
\BOOKMARK [2][-]{subsection.6.1.1}{\376\377\000A\000r\000c\000h\000i\000t\000e\000t\000t\000u\000r\000a\000\040\000a\000\040\000d\000o\000p\000p\000i\000o\000\040\000l\000o\000o\000p\000\040\000t\000e\000m\000p\000o\000r\000a\000l\000e}{section.6.1}% 95
\BOOKMARK [2][-]{subsection.6.1.2}{\376\377\000I\000n\000t\000e\000r\000f\000a\000c\000c\000i\000a\000\040\000i\000n\000t\000e\000r\000a\000t\000t\000i\000v\000a}{section.6.1}% 96
\BOOKMARK [1][-]{section.6.2}{\376\377\000P\000a\000r\000a\000m\000e\000t\000r\000i\000z\000z\000a\000z\000i\000o\000n\000e\000\040\000f\000i\000s\000i\000c\000a\000\040\000e\000\040\000g\000e\000o\000m\000e\000t\000r\000i\000c\000a}{chapter.6}% 97
\BOOKMARK [1][-]{section.6.3}{\376\377\000M\000o\000d\000e\000l\000l\000o\000\040\000d\000i\000n\000a\000m\000i\000c\000o\000\040\000d\000e\000l\000\040\000c\000o\000r\000p\000o\000\040\000r\000i\000g\000i\000d\000o}{chapter.6}% 98
\BOOKMARK [2][-]{subsection.6.3.1}{\376\377\000M\000o\000m\000e\000n\000t\000o\000\040\000r\000i\000b\000a\000l\000t\000a\000n\000t\000e\000\040\000p\000e\000r\000\040\000e\000c\000c\000e\000n\000t\000r\000i\000c\000i\000t\000\340\000\040\000d\000e\000l\000\040\000b\000a\000r\000i\000c\000e\000n\000t\000r\000o}{section.6.3}% 99
\BOOKMARK [2][-]{subsection.6.3.2}{\376\377\000M\000o\000m\000e\000n\000t\000i\000\040\000a\000e\000r\000o\000d\000i\000n\000a\000m\000i\000c\000i\000\040\000d\000e\000i\000\040\000f\000l\000a\000p}{section.6.3}% 100
\BOOKMARK [2][-]{subsection.6.3.3}{\376\377\000M\000o\000d\000e\000l\000l\000o\000\040\000d\000i\000\040\000s\000p\000i\000n\000t\000a\000\040\000c\000a\000l\000i\000b\000r\000a\000t\000o\000\040\000s\000u\000i\000\040\000d\000a\000t\000i\000\040\000r\000e\000a\000l\000i}{section.6.3}% 101
\BOOKMARK [1][-]{section.6.4}{\376\377\000M\000o\000d\000e\000l\000l\000o\000\040\000v\000i\000s\000c\000o\000-\000e\000l\000a\000s\000t\000i\000c\000o\000\040\000d\000e\000l\000l\000e\000\040\000f\000u\000n\000i}{chapter.6}% 102
\BOOKMARK [1][-]{section.6.5}{\376\377\000C\000a\000l\000i\000b\000r\000a\000z\000i\000o\000n\000e\000\040\000e\000m\000p\000i\000r\000i\000c\000a\000\040\000d\000e\000i\000\040\000p\000a\000r\000a\000m\000e\000t\000r\000i}{chapter.6}% 103
\BOOKMARK [1][-]{section.6.6}{\376\377\000R\000i\000s\000u\000l\000t\000a\000t\000i\000\040\000d\000e\000l\000l\000a\000\040\000s\000i\000m\000u\000l\000a\000z\000i\000o\000n\000e}{chapter.6}% 104
\BOOKMARK [1][-]{section.6.7}{\376\377\000D\000e\000-\000r\000a\000t\000i\000n\000g\000\040\000d\000e\000i\000\040\000g\000u\000a\000d\000a\000g\000n\000i\000\040\000p\000e\000r\000\040\000i\000l\000\040\000t\000r\000a\000n\000s\000f\000e\000r\000\040\000a\000l\000\040\000p\000r\000o\000t\000o\000t\000i\000p\000o\000\040\000f\000i\000s\000i\000c\000o}{chapter.6}% 105
\BOOKMARK [1][-]{section.6.8}{\376\377\000L\000i\000m\000i\000t\000i\000\040\000d\000e\000l\000\040\000s\000i\000m\000u\000l\000a\000t\000o\000r\000e\000\040\000e\000\040\000r\000e\000l\000a\000z\000i\000o\000n\000e\000\040\000c\000o\000n\000\040\000i\000\040\000c\000a\000p\000i\000t\000o\000l\000i\000\040\000s\000u\000c\000c\000e\000s\000s\000i\000v\000i}{chapter.6}% 106
\BOOKMARK [0][-]{chapter.7}{\376\377\000C\000o\000n\000c\000l\000u\000s\000i\000o\000n\000i\000\040\000e\000\040\000S\000v\000i\000l\000u\000p\000p\000i\000\040\000F\000u\000t\000u\000r\000i}{}% 107
\BOOKMARK [1][-]{section.7.1}{\376\377\000A\000n\000a\000l\000i\000s\000i\000\040\000c\000r\000i\000t\000i\000c\000a\000\040\000d\000e\000l\000l\000e\000\040\000c\000a\000u\000s\000e\000\040\000d\000i\000\040\000m\000a\000n\000c\000a\000t\000o\000\040\000v\000o\000l\000o\000\040\000l\000i\000b\000e\000r\000o}{chapter.7}% 108
\BOOKMARK [2][-]{subsection.7.1.1}{\376\377\000V\000e\000r\000i\000f\000i\000c\000a\000\040\000a\000n\000a\000l\000i\000t\000i\000c\000a\000\040\000d\000e\000l\000\040\000d\000e\000f\000i\000c\000i\000t\000\040\000d\000i\000\040\000s\000p\000i\000n\000t\000a}{section.7.1}% 109
\BOOKMARK [2][-]{subsection.7.1.2}{\376\377\000D\000i\000s\000t\000r\000i\000b\000u\000z\000i\000o\000n\000e\000\040\000d\000e\000l\000l\000e\000\040\000m\000a\000s\000s\000e\000\040\000e\000d\000\040\000e\000l\000e\000v\000a\000t\000a\000\040\000i\000n\000e\000r\000z\000i\000a\000\040\000p\000e\000r\000i\000m\000e\000t\000r\000a\000l\000e}{section.7.1}% 110
\BOOKMARK [2][-]{subsection.7.1.3}{\376\377\000E\000c\000c\000e\000n\000t\000r\000i\000c\000i\000t\000\340\000\040\000d\000e\000l\000\040\000b\000a\000r\000i\000c\000e\000n\000t\000r\000o\000\040\000e\000\040\000m\000o\000m\000e\000n\000t\000o\000\040\000r\000i\000b\000a\000l\000t\000a\000n\000t\000e\000\040\000g\000r\000a\000v\000i\000t\000a\000z\000i\000o\000n\000a\000l\000e}{section.7.1}% 111
\BOOKMARK [2][-]{subsection.7.1.4}{\376\377\000D\000e\000f\000i\000c\000i\000t\000\040\000d\000i\000\040\000a\000u\000t\000o\000r\000i\000t\000\340\000\040\000d\000i\000\040\000c\000o\000n\000t\000r\000o\000l\000l\000o\000\040\000d\000e\000i\000\040\000f\000l\000a\000p}{section.7.1}% 112
\BOOKMARK [2][-]{subsection.7.1.5}{\376\377\000L\000'\000e\000f\000f\000e\000t\000t\000o\000\040\000m\000a\000s\000c\000h\000e\000r\000a\000m\000e\000n\000t\000o\000\040\000d\000e\000l\000\040\000v\000i\000n\000c\000o\000l\000o}{section.7.1}% 113
\BOOKMARK [1][-]{section.7.2}{\376\377\000S\000v\000i\000l\000u\000p\000p\000i\000\040\000f\000u\000t\000u\000r\000i\000\040\000e\000\040\000l\000i\000n\000e\000e\000\040\000g\000u\000i\000d\000a\000\040\000p\000e\000r\000\040\000l\000a\000\040\000r\000i\000p\000r\000o\000g\000e\000t\000t\000a\000z\000i\000o\000n\000e}{chapter.7}% 114
\BOOKMARK [2][-]{subsection.7.2.1}{\376\377\000R\000i\000p\000r\000o\000g\000e\000t\000t\000a\000z\000i\000o\000n\000e\000\040\000d\000e\000l\000\040\000s\000i\000s\000t\000e\000m\000a\000\040\000p\000r\000o\000p\000u\000l\000s\000i\000v\000o}{section.7.2}% 115
\BOOKMARK [2][-]{subsection.7.2.2}{\376\377\000C\000e\000n\000t\000r\000a\000t\000u\000r\000a\000\040\000e\000\040\000a\000c\000c\000o\000s\000t\000a\000m\000e\000n\000t\000o\000\040\000d\000e\000l\000l\000e\000\040\000m\000a\000s\000s\000e}{section.7.2}% 116
\BOOKMARK [2][-]{subsection.7.2.3}{\376\377\000A\000u\000m\000e\000n\000t\000o\000\040\000d\000e\000l\000l\000'\000a\000u\000t\000o\000r\000i\000t\000\340\000\040\000d\000i\000\040\000c\000o\000n\000t\000r\000o\000l\000l\000o}{section.7.2}% 117
\BOOKMARK [2][-]{subsection.7.2.4}{\376\377\000R\000i\000d\000u\000z\000i\000o\000n\000e\000\040\000d\000e\000l\000\040\000p\000e\000s\000o\000\040\000s\000t\000r\000u\000t\000t\000u\000r\000a\000l\000e}{section.7.2}% 118
\BOOKMARK [1][-]{section.7.3}{\376\377\000C\000o\000n\000s\000i\000d\000e\000r\000a\000z\000i\000o\000n\000i\000\040\000c\000o\000n\000c\000l\000u\000s\000i\000v\000e}{chapter.7}% 119
